Archive member included to satisfy reference by file (symbol)

C:/ST/STM32CubeIDE_1.19.0/STM32CubeIDE/plugins/com.st.stm32cube.ide.mcu.externaltools.gnu-tools-for-stm32.13.3.rel1.win32_1.0.0.202411081344/tools/bin/../lib/gcc/arm-none-eabi/13.3.1/../../../../arm-none-eabi/lib/thumb/v7e-m+fp/hard\libc_nano.a(libc_a-exit.o)
                              C:/ST/STM32CubeIDE_1.19.0/STM32CubeIDE/plugins/com.st.stm32cube.ide.mcu.externaltools.gnu-tools-for-stm32.13.3.rel1.win32_1.0.0.202411081344/tools/bin/../lib/gcc/arm-none-eabi/13.3.1/../../../../arm-none-eabi/lib/thumb/v7e-m+fp/hard/crt0.o (exit)
C:/ST/STM32CubeIDE_1.19.0/STM32CubeIDE/plugins/com.st.stm32cube.ide.mcu.externaltools.gnu-tools-for-stm32.13.3.rel1.win32_1.0.0.202411081344/tools/bin/../lib/gcc/arm-none-eabi/13.3.1/../../../../arm-none-eabi/lib/thumb/v7e-m+fp/hard\libc_nano.a(libc_a-fflush.o)
                              ./Application/modules/modules/common.o (fflush)
C:/ST/STM32CubeIDE_1.19.0/STM32CubeIDE/plugins/com.st.stm32cube.ide.mcu.externaltools.gnu-tools-for-stm32.13.3.rel1.win32_1.0.0.202411081344/tools/bin/../lib/gcc/arm-none-eabi/13.3.1/../../../../arm-none-eabi/lib/thumb/v7e-m+fp/hard\libc_nano.a(libc_a-findfp.o)
                              ./Middlewares/Third_Party/FreeRTOS/Source/tasks.o (__sf)
C:/ST/STM32CubeIDE_1.19.0/STM32CubeIDE/plugins/com.st.stm32cube.ide.mcu.externaltools.gnu-tools-for-stm32.13.3.rel1.win32_1.0.0.202411081344/tools/bin/../lib/gcc/arm-none-eabi/13.3.1/../../../../arm-none-eabi/lib/thumb/v7e-m+fp/hard\libc_nano.a(libc_a-fwalk.o)
                              C:/ST/STM32CubeIDE_1.19.0/STM32CubeIDE/plugins/com.st.stm32cube.ide.mcu.externaltools.gnu-tools-for-stm32.13.3.rel1.win32_1.0.0.202411081344/tools/bin/../lib/gcc/arm-none-eabi/13.3.1/../../../../arm-none-eabi/lib/thumb/v7e-m+fp/hard\libc_nano.a(libc_a-fflush.o) (_fwalk_sglue)
C:/ST/STM32CubeIDE_1.19.0/STM32CubeIDE/plugins/com.st.stm32cube.ide.mcu.externaltools.gnu-tools-for-stm32.13.3.rel1.win32_1.0.0.202411081344/tools/bin/../lib/gcc/arm-none-eabi/13.3.1/../../../../arm-none-eabi/lib/thumb/v7e-m+fp/hard\libc_nano.a(libc_a-printf.o)
                              ./Application/modules/modules/common.o (printf)
C:/ST/STM32CubeIDE_1.19.0/STM32CubeIDE/plugins/com.st.stm32cube.ide.mcu.externaltools.gnu-tools-for-stm32.13.3.rel1.win32_1.0.0.202411081344/tools/bin/../lib/gcc/arm-none-eabi/13.3.1/../../../../arm-none-eabi/lib/thumb/v7e-m+fp/hard\libc_nano.a(libc_a-stdio.o)
                              C:/ST/STM32CubeIDE_1.19.0/STM32CubeIDE/plugins/com.st.stm32cube.ide.mcu.externaltools.gnu-tools-for-stm32.13.3.rel1.win32_1.0.0.202411081344/tools/bin/../lib/gcc/arm-none-eabi/13.3.1/../../../../arm-none-eabi/lib/thumb/v7e-m+fp/hard\libc_nano.a(libc_a-findfp.o) (__sread)
C:/ST/STM32CubeIDE_1.19.0/STM32CubeIDE/plugins/com.st.stm32cube.ide.mcu.externaltools.gnu-tools-for-stm32.13.3.rel1.win32_1.0.0.202411081344/tools/bin/../lib/gcc/arm-none-eabi/13.3.1/../../../../arm-none-eabi/lib/thumb/v7e-m+fp/hard\libc_nano.a(libc_a-memcmp.o)
                              ./Core/Src/task_Flash.o (memcmp)
C:/ST/STM32CubeIDE_1.19.0/STM32CubeIDE/plugins/com.st.stm32cube.ide.mcu.externaltools.gnu-tools-for-stm32.13.3.rel1.win32_1.0.0.202411081344/tools/bin/../lib/gcc/arm-none-eabi/13.3.1/../../../../arm-none-eabi/lib/thumb/v7e-m+fp/hard\libc_nano.a(libc_a-memset.o)
                              C:/ST/STM32CubeIDE_1.19.0/STM32CubeIDE/plugins/com.st.stm32cube.ide.mcu.externaltools.gnu-tools-for-stm32.13.3.rel1.win32_1.0.0.202411081344/tools/bin/../lib/gcc/arm-none-eabi/13.3.1/../../../../arm-none-eabi/lib/thumb/v7e-m+fp/hard/crt0.o (memset)
C:/ST/STM32CubeIDE_1.19.0/STM32CubeIDE/plugins/com.st.stm32cube.ide.mcu.externaltools.gnu-tools-for-stm32.13.3.rel1.win32_1.0.0.202411081344/tools/bin/../lib/gcc/arm-none-eabi/13.3.1/../../../../arm-none-eabi/lib/thumb/v7e-m+fp/hard\libc_nano.a(libc_a-closer.o)
                              C:/ST/STM32CubeIDE_1.19.0/STM32CubeIDE/plugins/com.st.stm32cube.ide.mcu.externaltools.gnu-tools-for-stm32.13.3.rel1.win32_1.0.0.202411081344/tools/bin/../lib/gcc/arm-none-eabi/13.3.1/../../../../arm-none-eabi/lib/thumb/v7e-m+fp/hard\libc_nano.a(libc_a-stdio.o) (_close_r)
C:/ST/STM32CubeIDE_1.19.0/STM32CubeIDE/plugins/com.st.stm32cube.ide.mcu.externaltools.gnu-tools-for-stm32.13.3.rel1.win32_1.0.0.202411081344/tools/bin/../lib/gcc/arm-none-eabi/13.3.1/../../../../arm-none-eabi/lib/thumb/v7e-m+fp/hard\libc_nano.a(libc_a-reent.o)
                              ./Middlewares/Third_Party/FreeRTOS/Source/tasks.o (_reclaim_reent)
C:/ST/STM32CubeIDE_1.19.0/STM32CubeIDE/plugins/com.st.stm32cube.ide.mcu.externaltools.gnu-tools-for-stm32.13.3.rel1.win32_1.0.0.202411081344/tools/bin/../lib/gcc/arm-none-eabi/13.3.1/../../../../arm-none-eabi/lib/thumb/v7e-m+fp/hard\libc_nano.a(libc_a-impure.o)
                              ./Application/modules/modules/common.o (_impure_ptr)
[...]
Memory Configuration

Name             Origin             Length             Attributes
RAM              0x20000000         0x00008000         xrw
FLASH            0x08000000         0x0001f800         xr
USER_DATA        0x0801f800         0x00000800         rw
*default*        0x00000000         0xffffffff

Linker script and memory map

LOAD C:/ST/STM32CubeIDE_1.19.0/STM32CubeIDE/plugins/com.st.stm32cube.ide.mcu.externaltools.gnu-tools-for-stm32.13.3.rel1.win32_1.0.0.202411081344/tools/bin/../lib/gcc/arm-none-eabi/13.3.1/thumb/v7e-m+fp/hard/crti.o
LOAD C:/ST/STM32CubeIDE_1.19.0/STM32CubeIDE/plugins/com.st.stm32cube.ide.mcu.externaltools.gnu-tools-for-stm32.13.3.rel1.win32_1.0.0.202411081344/tools/bin/../lib/gcc/arm-none-eabi/13.3.1/thumb/v7e-m+fp/hard/crtbegin.o
LOAD C:/ST/STM32CubeIDE_1.19.0/STM32CubeIDE/plugins/com.st.stm32cube.ide.mcu.externaltools.gnu-tools-for-stm32.13.3.rel1.win32_1.0.0.202411081344/tools/bin/../lib/gcc/arm-none-eabi/13.3.1/../../../../arm-none-eabi/lib/thumb/v7e-m+fp/hard/crt0.o
LOAD ./Application/modules/drivers/bmp5.o
LOAD ./Application/modules/drivers/drv_AD7799v2.o
LOAD ./Application/modules/drivers/drv_FM25V01.o
LOAD ./Application/modules/drivers/drv_ad7799.o
LOAD ./Application/modules/drivers/drv_ad7799chat.o
LOAD ./Application/modules/modules/common.o
LOAD ./Application/modules/modules/module_bmp581.o
LOAD ./Application/modules/utils/alt_speed.o
LOAD ./Application/modules/utils/delay.o
LOAD ./Application/modules/utils/iic.o
LOAD ./Core/Src/app_freertos.o
LOAD ./Core/Src/main.o
LOAD ./Core/Src/stm32g4xx_hal_msp.o
LOAD ./Core/Src/stm32g4xx_hal_timebase_tim.o
LOAD ./Core/Src/stm32g4xx_it.o
LOAD ./Core/Src/syscalls.o
LOAD ./Core/Src/sysmem.o
LOAD ./Core/Src/system_stm32g4xx.o
LOAD ./Core/Src/task_BMP2ADS.o
LOAD ./Core/Src/task_Flash.o
LOAD ./Core/Src/task_ISS2ADS.o
LOAD ./Core/Startup/startup_stm32g431kbux.o
LOAD ./Drivers/STM32G4xx_HAL_Driver/Src/stm32g4xx_hal.o
LOAD ./Drivers/STM32G4xx_HAL_Driver/Src/stm32g4xx_hal_cortex.o
LOAD ./Drivers/STM32G4xx_HAL_Driver/Src/stm32g4xx_hal_dma.o
LOAD ./Drivers/STM32G4xx_HAL_Driver/Src/stm32g4xx_hal_dma_ex.o
LOAD ./Drivers/STM32G4xx_HAL_Driver/Src/stm32g4xx_hal_exti.o
LOAD ./Drivers/STM32G4xx_HAL_Driver/Src/stm32g4xx_hal_flash.o
LOAD ./Drivers/STM32G4xx_HAL_Driver/Src/stm32g4xx_hal_flash_ex.o
LOAD ./Drivers/STM32G4xx_HAL_Driver/Src/stm32g4xx_hal_flash_ramfunc.o
LOAD ./Drivers/STM32G4xx_HAL_Driver/Src/stm32g4xx_hal_gpio.o
LOAD ./Drivers/STM32G4xx_HAL_Driver/Src/stm32g4xx_hal_i2c.o
LOAD ./Drivers/STM32G4xx_HAL_Driver/Src/stm32g4xx_hal_i2c_ex.o
LOAD ./Drivers/STM32G4xx_HAL_Driver/Src/stm32g4xx_hal_iwdg.o
LOAD ./Drivers/STM32G4xx_HAL_Driver/Src/stm32g4xx_hal_pwr.o
LOAD ./Drivers/STM32G4xx_HAL_Driver/Src/stm32g4xx_hal_pwr_ex.o
LOAD ./Drivers/STM32G4xx_HAL_Driver/Src/stm32g4xx_hal_rcc.o
LOAD ./Drivers/STM32G4xx_HAL_Driver/Src/stm32g4xx_hal_rcc_ex.o
LOAD ./Drivers/STM32G4xx_HAL_Driver/Src/stm32g4xx_hal_tim.o
LOAD ./Drivers/STM32G4xx_HAL_Driver/Src/stm32g4xx_hal_tim_ex.o
LOAD ./Drivers/STM32G4xx_HAL_Driver/Src/stm32g4xx_hal_uart.o
LOAD ./Drivers/STM32G4xx_HAL_Driver/Src/stm32g4xx_hal_uart_ex.o
LOAD ./Middlewares/Third_Party/FreeRTOS/Source/CMSIS_RTOS/cmsis_os.o
LOAD ./Middlewares/Third_Party/FreeRTOS/Source/croutine.o
LOAD ./Middlewares/Third_Party/FreeRTOS/Source/event_groups.o
LOAD ./Middlewares/Third_Party/FreeRTOS/Source/list.o
LOAD ./Middlewares/Third_Party/FreeRTOS/Source/queue.o
LOAD ./Middlewares/Third_Party/FreeRTOS/Source/stream_buffer.o
LOAD ./Middlewares/Third_Party/FreeRTOS/Source/tasks.o
LOAD ./Middlewares/Third_Party/FreeRTOS/Source/timers.o
LOAD ./Middlewares/Third_Party/FreeRTOS/Source/portable/GCC/ARM_CM4F/port.o
LOAD ./Middlewares/Third_Party/FreeRTOS/Source/portable/MemMang/heap_4.o
START GROUP
LOAD C:/ST/STM32CubeIDE_1.19.0/STM32CubeIDE/plugins/com.st.stm32cube.ide.mcu.externaltools.gnu-tools-for-stm32.13.3.rel1.win32_1.0.0.202411081344/tools/bin/../lib/gcc/arm-none-eabi/13.3.1/../../../../arm-none-eabi/lib/thumb/v7e-m+fp/hard\libc_nano.a
LOAD C:/ST/STM32CubeIDE_1.19.0/STM32CubeIDE/plugins/com.st.stm32cube.ide.mcu.externaltools.gnu-tools-for-stm32.13.3.rel1.win32_1.0.0.202411081344/tools/bin/../lib/gcc/arm-none-eabi/13.3.1/../../../../arm-none-eabi/lib/thumb/v7e-m+fp/hard\libm.a
END GROUP
START GROUP
LOAD C:/ST/STM32CubeIDE_1.19.0/STM32CubeIDE/plugins/com.st.stm32cube.ide.mcu.externaltools.gnu-tools-for-stm32.13.3.rel1.win32_1.0.0.202411081344/tools/bin/../lib/gcc/arm-none-eabi/13.3.1/thumb/v7e-m+fp/hard\libgcc.a
LOAD C:/ST/STM32CubeIDE_1.19.0/STM32CubeIDE/plugins/com.st.stm32cube.ide.mcu.externaltools.gnu-tools-for-stm32.13.3.rel1.win32_1.0.0.202411081344/tools/bin/../lib/gcc/arm-none-eabi/13.3.1/../../../../arm-none-eabi/lib/thumb/v7e-m+fp/hard\libc_nano.a
END GROUP
START GROUP
LOAD C:/ST/STM32CubeIDE_1.19.0/STM32CubeIDE/plugins/com.st.stm32cube.ide.mcu.externaltools.gnu-tools-for-stm32.13.3.rel1.win32_1.0.0.202411081344/tools/bin/../lib/gcc/arm-none-eabi/13.3.1/thumb/v7e-m+fp/hard\libgcc.a
LOAD C:/ST/STM32CubeIDE_1.19.0/STM32CubeIDE/plugins/com.st.stm32cube.ide.mcu.externaltools.gnu-tools-for-stm32.13.3.rel1.win32_1.0.0.202411081344/tools/bin/../lib/gcc/arm-none-eabi/13.3.1/../../../../arm-none-eabi/lib/thumb/v7e-m+fp/hard\libc_nano.a
LOAD C:/ST/STM32CubeIDE_1.19.0/STM32CubeIDE/plugins/com.st.stm32cube.ide.mcu.externaltools.gnu-tools-for-stm32.13.3.rel1.win32_1.0.0.202411081344/tools/bin/../lib/gcc/arm-none-eabi/13.3.1/../../../../arm-none-eabi/lib/thumb/v7e-m+fp/hard\libnosys.a
END GROUP
START GROUP
LOAD C:/ST/STM32CubeIDE_1.19.0/STM32CubeIDE/plugins/com.st.stm32cube.ide.mcu.externaltools.gnu-tools-for-stm32.13.3.rel1.win32_1.0.0.202411081344/tools/bin/../lib/gcc/arm-none-eabi/13.3.1/thumb/v7e-m+fp/hard\libgcc.a
LOAD C:/ST/STM32CubeIDE_1.19.0/STM32CubeIDE/plugins/com.st.stm32cube.ide.mcu.externaltools.gnu-tools-for-stm32.13.3.rel1.win32_1.0.0.202411081344/tools/bin/../lib/gcc/arm-none-eabi/13.3.1/../../../../arm-none-eabi/lib/thumb/v7e-m+fp/hard\libc_nano.a
LOAD C:/ST/STM32CubeIDE_1.19.0/STM32CubeIDE/plugins/com.st.stm32cube.ide.mcu.externaltools.gnu-tools-for-stm32.13.3.rel1.win32_1.0.0.202411081344/tools/bin/../lib/gcc/arm-none-eabi/13.3.1/../../../../arm-none-eabi/lib/thumb/v7e-m+fp/hard\libnosys.a
END GROUP
LOAD C:/ST/STM32CubeIDE_1.19.0/STM32CubeIDE/plugins/com.st.stm32cube.ide.mcu.externaltools.gnu-tools-for-stm32.13.3.rel1.win32_1.0.0.202411081344/tools/bin/../lib/gcc/arm-none-eabi/13.3.1/thumb/v7e-m+fp/hard/crtend.o
LOAD C:/ST/STM32CubeIDE_1.19.0/STM32CubeIDE/plugins/com.st.stm32cube.ide.mcu.externaltools.gnu-tools-for-stm32.13.3.rel1.win32_1.0.0.202411081344/tools/bin/../lib/gcc/arm-none-eabi/13.3.1/thumb/v7e-m+fp/hard/crtn.o
                0x20008000                        _estack = (ORIGIN (RAM) + LENGTH (RAM))
                0x00000200                        _Min_Heap_Size = 0x200
                0x00000400                        _Min_Stack_Size = 0x400

.isr_vector     0x08000000      0x1d8
                0x08000000                        . = ALIGN (0x4)
 *(.isr_vector)
 .isr_vector    0x08000000      0x1d8 ./Core/Startup/startup_stm32g431kbux.o
                0x08000000                g_pfnVectors
                0x080001d8                        . = ALIGN (0x4)

.text           0x080001e0     0xb39c
                0x080001e0                        . = ALIGN (0x4)
 *(.text)
 .text          0x080001e0       0x40 C:/ST/STM32CubeIDE_1.19.0/STM32CubeIDE/plugins/com.st.stm32cube.ide.mcu.externaltools.gnu-tools-for-stm32.13.3.rel1.win32_1.0.0.202411081344/tools/bin/../lib/gcc/arm-none-eabi/13.3.1/thumb/v7e-m+fp/hard/crtbegin.o
 .text          0x08000220      0x378 C:/ST/STM32CubeIDE_1.19.0/STM32CubeIDE/plugins/com.st.stm32cube.ide.mcu.externaltools.gnu-tools-for-stm32.13.3.rel1.win32_1.0.0.202411081344/tools/bin/../lib/gcc/arm-none-eabi/13.3.1/thumb/v7e-m+fp/hard\libgcc.a(_arm_addsubdf3.o)
                0x08000220                __aeabi_drsub
                0x08000228                __aeabi_dsub
                0x08000228                __subdf3
                0x0800022c                __aeabi_dadd
                0x0800022c                __adddf3
                0x080004a4                __floatunsidf
                0x080004a4                __aeabi_ui2d
                0x080004c4                __floatsidf
                0x080004c4                __aeabi_i2d
                0x080004e8                __aeabi_f2d
                0x080004e8                __extendsfdf2
                0x0800052c                __floatundidf
                0x0800052c                __aeabi_ul2d
                0x0800053c                __floatdidf
                0x0800053c                __aeabi_l2d
 .text          0x08000598      0x424 C:/ST/STM32CubeIDE_1.19.0/STM32CubeIDE/plugins/com.st.stm32cube.ide.mcu.externaltools.gnu-tools-for-stm32.13.3.rel1.win32_1.0.0.202411081344/tools/bin/../lib/gcc/arm-none-eabi/13.3.1/thumb/v7e-m+fp/hard\libgcc.a(_arm_muldivdf3.o)
                0x08000598                __aeabi_dmul
                0x08000598                __muldf3
                0x080007ec                __divdf3
                0x080007ec                __aeabi_ddiv
 .text          0x080009bc      0x110 C:/ST/STM32CubeIDE_1.19.0/STM32CubeIDE/plugins/com.st.stm32cube.ide.mcu.externaltools.gnu-tools-for-stm32.13.3.rel1.win32_1.0.0.202411081344/tools/bin/../lib/gcc/arm-none-eabi/13.3.1/thumb/v7e-m+fp/hard\libgcc.a(_arm_cmpdf2.o)
                0x080009bc                __gtdf2
                0x080009bc                __gedf2
                0x080009c4                __ltdf2
                0x080009c4                __ledf2
                0x080009cc                __nedf2
                0x080009cc                __eqdf2
                0x080009cc                __cmpdf2
                0x08000a48                __aeabi_cdrcmple
                0x08000a58                __aeabi_cdcmpeq
                0x08000a58                __aeabi_cdcmple
                0x08000a68                __aeabi_dcmpeq
                0x08000a7c                __aeabi_dcmplt
                0x08000a90                __aeabi_dcmple
                0x08000aa4                __aeabi_dcmpge
                0x08000ab8                __aeabi_dcmpgt
 .text          0x08000acc       0x2c C:/ST/STM32CubeIDE_1.19.0/STM32CubeIDE/plugins/com.st.stm32cube.ide.mcu.externaltools.gnu-tools-for-stm32.13.3.rel1.win32_1.0.0.202411081344/tools/bin/../lib/gcc/arm-none-eabi/13.3.1/thumb/v7e-m+fp/hard\libgcc.a(_arm_unorddf2.o)
                0x08000acc                __unorddf2
                0x08000acc                __aeabi_dcmpun
 .text          0x08000af8       0xa0 C:/ST/STM32CubeIDE_1.19.0/STM32CubeIDE/plugins/com.st.stm32cube.ide.mcu.externaltools.gnu-tools-for-stm32.13.3.rel1.win32_1.0.0.202411081344/tools/bin/../lib/gcc/arm-none-eabi/13.3.1/thumb/v7e-m+fp/hard\libgcc.a(_arm_truncdfsf2.o)
                0x08000af8                __truncdfsf2
                0x08000af8                __aeabi_d2f
 .text          0x08000b98       0x30 C:/ST/STM32CubeIDE_1.19.0/STM32CubeIDE/plugins/com.st.stm32cube.ide.mcu.externaltools.gnu-tools-for-stm32.13.3.rel1.win32_1.0.0.202411081344/tools/bin/../lib/gcc/arm-none-eabi/13.3.1/thumb/v7e-m+fp/hard\libgcc.a(_aeabi_uldivmod.o)
                0x08000b98                __aeabi_uldivmod
 .text          0x08000bc8      0x2f8 C:/ST/STM32CubeIDE_1.19.0/STM32CubeIDE/plugins/com.st.stm32cube.ide.mcu.externaltools.gnu-tools-for-stm32.13.3.rel1.win32_1.0.0.202411081344/tools/bin/../lib/gcc/arm-none-eabi/13.3.1/thumb/v7e-m+fp/hard\libgcc.a(_udivmoddi4.o)
                0x08000bc8                __udivmoddi4
 .text          0x08000ec0        0x4 C:/ST/STM32CubeIDE_1.19.0/STM32CubeIDE/plugins/com.st.stm32cube.ide.mcu.externaltools.gnu-tools-for-stm32.13.3.rel1.win32_1.0.0.202411081344/tools/bin/../lib/gcc/arm-none-eabi/13.3.1/thumb/v7e-m+fp/hard\libgcc.a(_dvmd_tls.o)
                0x08000ec0                __aeabi_idiv0
                0x08000ec0                __aeabi_ldiv0
 *(.text*)
 .text.bmp5_init
                0x08000ec4       0x96 ./Application/modules/drivers/bmp5.o
                0x08000ec4                bmp5_init
 .text.bmp5_get_regs
                0x08000f5a       0x72 ./Application/modules/drivers/bmp5.o
                0x08000f5a                bmp5_get_regs
 .text.bmp5_set_regs
                0x08000fcc       0xc0 ./Application/modules/drivers/bmp5.o
                0x08000fcc                bmp5_set_regs
 .text.bmp5_soft_reset
                0x0800108c       0x92 ./Application/modules/drivers/bmp5.o
                0x0800108c                bmp5_soft_reset
 .text.bmp5_get_interrupt_status
                0x0800111e       0x32 ./Application/modules/drivers/bmp5.o
                0x0800111e                bmp5_get_interrupt_status
 .text.bmp5_get_power_mode
                0x08001150       0xa0 ./Application/modules/drivers/bmp5.o
                0x08001150                bmp5_get_power_mode
 .text.bmp5_set_power_mode
                0x080011f0       0xa0 ./Application/modules/drivers/bmp5.o
                0x080011f0                bmp5_set_power_mode
 .text.bmp5_int_source_select
                0x08001290       0xd2 ./Application/modules/drivers/bmp5.o
                0x08001290                bmp5_int_source_select
 .text.bmp5_configure_interrupt
                0x08001362      0x112 ./Application/modules/drivers/bmp5.o
                0x08001362                bmp5_configure_interrupt
 .text.bmp5_get_osr_odr_press_config
                0x08001474       0x78 ./Application/modules/drivers/bmp5.o
                0x08001474                bmp5_get_osr_odr_press_config
 .text.bmp5_set_osr_odr_press_config
                0x080014ec       0xf4 ./Application/modules/drivers/bmp5.o
                0x080014ec                bmp5_set_osr_odr_press_config
 .text.bmp5_get_iir_config
                0x080015e0       0x80 ./Application/modules/drivers/bmp5.o
                0x080015e0                bmp5_get_iir_config
 .text.bmp5_set_iir_config
                0x08001660       0xa8 ./Application/modules/drivers/bmp5.o
                0x08001660                bmp5_set_iir_config
 .text.bmp5_get_fifo_configuration
                0x08001708       0xd4 ./Application/modules/drivers/bmp5.o
                0x08001708                bmp5_get_fifo_configuration
 .text.bmp5_set_fifo_configuration
                0x080017dc      0x14a ./Application/modules/drivers/bmp5.o
                0x080017dc                bmp5_set_fifo_configuration
 .text.bmp5_get_fifo_len
                0x08001926       0x90 ./Application/modules/drivers/bmp5.o
                0x08001926                bmp5_get_fifo_len
 .text.bmp5_get_fifo_data
                0x080019b6       0x62 ./Application/modules/drivers/bmp5.o
                0x080019b6                bmp5_get_fifo_data
 .text.bmp5_extract_fifo_data
                0x08001a18       0x6c ./Application/modules/drivers/bmp5.o
                0x08001a18                bmp5_extract_fifo_data
 .text.null_ptr_check
                0x08001a84       0x40 ./Application/modules/drivers/bmp5.o
 .text.validate_chip_id
                0x08001ac4       0x38 ./Application/modules/drivers/bmp5.o
 .text.power_up_check
                0x08001afc       0xa2 ./Application/modules/drivers/bmp5.o
 .text.check_deepstandby_mode
                0x08001b9e       0x8e ./Application/modules/drivers/bmp5.o
 .text.set_deep_standby_mode
                0x08001c2c       0xda ./Application/modules/drivers/bmp5.o
 .text.set_power_mode
                0x08001d06       0x6a ./Application/modules/drivers/bmp5.o
 .text.set_standby_mode
                0x08001d70       0x3e ./Application/modules/drivers/bmp5.o
 .text.set_iir_config
                0x08001dae       0xd0 ./Application/modules/drivers/bmp5.o
 .text.set_fifo_iir_config
                0x08001e7e       0xe0 ./Application/modules/drivers/bmp5.o
 .text.set_fifo_threshold
                0x08001f5e       0x98 ./Application/modules/drivers/bmp5.o
 *fill*         0x08001ff6        0x2 
 .text.unpack_sensor_data
                0x08001ff8      0x2d8 ./Application/modules/drivers/bmp5.o
 .text.get_nvm_status
                0x080022d0       0x32 ./Application/modules/drivers/bmp5.o
 .text.bmp5_i2c_read
                0x08002302       0x62 ./Application/modules/modules/common.o
                0x08002302                bmp5_i2c_read
 .text.bmp5_i2c_write
                0x08002364       0x62 ./Application/modules/modules/common.o
                0x08002364                bmp5_i2c_write
 .text.bmp5_spi_read
                0x080023c6       0x24 ./Application/modules/modules/common.o
                0x080023c6                bmp5_spi_read
 .text.bmp5_spi_write
                0x080023ea       0x24 ./Application/modules/modules/common.o
                0x080023ea                bmp5_spi_write
 .text.bmp5_delay_us
                0x0800240e       0x18 ./Application/modules/modules/common.o
                0x0800240e                bmp5_delay_us
 *fill*         0x08002426        0x2 
 .text.bmp5_interface_init
                0x08002428       0x74 ./Application/modules/modules/common.o
                0x08002428                bmp5_interface_init
 .text.bmp581_init
                0x0800249c      0x15c ./Application/modules/modules/module_bmp581.o
                0x0800249c                bmp581_init
 .text.get_data
                0x080025f8       0x28 ./Application/modules/modules/module_bmp581.o
                0x080025f8                get_data
 .text.set_config
                0x08002620      0x10c ./Application/modules/modules/module_bmp581.o
 .text.get_fifo_data
                0x0800272c       0xf2 ./Application/modules/modules/module_bmp581.o
 *fill*         0x0800281e        0x2 
 .text.initKalmanFilter
                0x08002820      0x118 ./Application/modules/utils/alt_speed.o
                0x08002820                initKalmanFilter
 .text.kalmanFilterUpdate
                0x08002938      0x346 ./Application/modules/utils/alt_speed.o
                0x08002938                kalmanFilterUpdate
 *fill*         0x08002c7e        0x2 
 .text.KalmanInit
                0x08002c80       0x14 ./Application/modules/utils/alt_speed.o
                0x08002c80                KalmanInit
 .text.getVSpeedKalman
                0x08002c94       0x7c ./Application/modules/utils/alt_speed.o
                0x08002c94                getVSpeedKalman
 .text.delay_init
                0x08002d10       0x1c ./Application/modules/utils/delay.o
                0x08002d10                delay_init
 .text.delay_us
                0x08002d2c       0x7c ./Application/modules/utils/delay.o
                0x08002d2c                delay_us
 .text.delay_ms
                0x08002da8       0x20 ./Application/modules/utils/delay.o
                0x08002da8                delay_ms
 .text.main     0x08002dc8       0xdc ./Core/Src/main.o
                0x08002dc8                main
 .text.SystemClock_Config
                0x08002ea4       0x9a ./Core/Src/main.o
                0x08002ea4                SystemClock_Config
 *fill*         0x08002f3e        0x2 
 .text.MX_I2C1_Init
                0x08002f40       0x80 ./Core/Src/main.o
 .text.MX_I2C2_Init
                0x08002fc0       0x80 ./Core/Src/main.o
 .text.MX_IWDG_Init
                0x08003040       0x3c ./Core/Src/main.o
 .text.MX_USART1_UART_Init
                0x0800307c       0x98 ./Core/Src/main.o
 .text.MX_DMA_Init
                0x08003114       0x64 ./Core/Src/main.o
 .text.MX_GPIO_Init
                0x08003178       0x7c ./Core/Src/main.o
 .text.HAL_TIM_PeriodElapsedCallback
                0x080031f4       0x24 ./Core/Src/main.o
                0x080031f4                HAL_TIM_PeriodElapsedCallback
 .text.Error_Handler
                0x08003218        0xc ./Core/Src/main.o
                0x08003218                Error_Handler
 .text.HAL_MspInit
                0x08003224       0x54 ./Core/Src/stm32g4xx_hal_msp.o
                0x08003224                HAL_MspInit
 .text.HAL_I2C_MspInit
                0x08003278      0x16c ./Core/Src/stm32g4xx_hal_msp.o
                0x08003278                HAL_I2C_MspInit
 .text.HAL_UART_MspInit
                0x080033e4      0x1b4 ./Core/Src/stm32g4xx_hal_msp.o
                0x080033e4                HAL_UART_MspInit
 .text.HAL_InitTick
                0x08003598       0xd8 ./Core/Src/stm32g4xx_hal_timebase_tim.o
                0x08003598                HAL_InitTick
 .text.NMI_Handler
                0x08003670        0x8 ./Core/Src/stm32g4xx_it.o
                0x08003670                NMI_Handler
 .text.HardFault_Handler
                0x08003678        0x8 ./Core/Src/stm32g4xx_it.o
                0x08003678                HardFault_Handler
 .text.MemManage_Handler
                0x08003680        0x8 ./Core/Src/stm32g4xx_it.o
                0x08003680                MemManage_Handler
 .text.BusFault_Handler
                0x08003688        0x8 ./Core/Src/stm32g4xx_it.o
                0x08003688                BusFault_Handler
 .text.UsageFault_Handler
                0x08003690        0x8 ./Core/Src/stm32g4xx_it.o
                0x08003690                UsageFault_Handler
 .text.DebugMon_Handler
                0x08003698        0xe ./Core/Src/stm32g4xx_it.o
                0x08003698                DebugMon_Handler
 *fill*         0x080036a6        0x2 
 .text.DMA1_Channel1_IRQHandler
                0x080036a8       0x14 ./Core/Src/stm32g4xx_it.o
                0x080036a8                DMA1_Channel1_IRQHandler
 .text.DMA1_Channel2_IRQHandler
                0x080036bc       0x14 ./Core/Src/stm32g4xx_it.o
                0x080036bc                DMA1_Channel2_IRQHandler
 .text.TIM1_UP_TIM16_IRQHandler
                0x080036d0       0x14 ./Core/Src/stm32g4xx_it.o
                0x080036d0                TIM1_UP_TIM16_IRQHandler
 .text.USART1_IRQHandler
                0x080036e4       0x14 ./Core/Src/stm32g4xx_it.o
                0x080036e4                USART1_IRQHandler
 .text.SystemInit
                0x080036f8       0x24 ./Core/Src/system_stm32g4xx.o
                0x080036f8                SystemInit
 .text.task_BMP2ADS
                0x0800371c      0x14c ./Core/Src/task_BMP2ADS.o
                0x0800371c                task_BMP2ADS
 .text.Adc_avg_func
                0x08003868       0xc8 ./Core/Src/task_BMP2ADS.o
                0x08003868                Adc_avg_func
 .text.Flash_WriteBuffer
                0x08003930       0xd6 ./Core/Src/task_Flash.o
                0x08003930                Flash_WriteBuffer
 .text.Flash_ReadBuffer
                0x08003a06       0x44 ./Core/Src/task_Flash.o
                0x08003a06                Flash_ReadBuffer
 .text.Flash_Erase_Page
                0x08003a4a       0x3a ./Core/Src/task_Flash.o
                0x08003a4a                Flash_Erase_Page
 .text.HAL_UARTEx_RxEventCallback
                0x08003a84      0x198 ./Core/Src/task_Flash.o
                0x08003a84                HAL_UARTEx_RxEventCallback
 .text.task_Flash
                0x08003c1c       0xac ./Core/Src/task_Flash.o
                0x08003c1c                task_Flash
 .text.ReturnAppSettings
                0x08003cc8       0xa0 ./Core/Src/task_Flash.o
                0x08003cc8                ReturnAppSettings
 .text.Calib_Volt2PS
                0x08003d68      0x1a8 ./Core/Src/task_ISS2ADS.o
 .text.Calib_Volt2PT
                0x08003f10      0x1a4 ./Core/Src/task_ISS2ADS.o
 .text.VerticalPress_avg_func
                0x080040b4       0x8c ./Core/Src/task_ISS2ADS.o
                0x080040b4                VerticalPress_avg_func
 .text.VerticalSpeed_avg_func
                0x08004140       0x8c ./Core/Src/task_ISS2ADS.o
                0x08004140                VerticalSpeed_avg_func
 *fill*         0x080041cc        0x4 
 .text.ADS2OFP_DATA
                0x080041d0      0x3cc ./Core/Src/task_ISS2ADS.o
                0x080041d0                ADS2OFP_DATA
 .text.task_ISS2ADS
                0x0800459c       0x54 ./Core/Src/task_ISS2ADS.o
                0x0800459c                task_ISS2ADS
 .text.Reset_Handler
                0x080045f0       0x50 ./Core/Startup/startup_stm32g431kbux.o
                0x080045f0                Reset_Handler
 .text.Default_Handler
                0x08004640        0x2 ./Core/Startup/startup_stm32g431kbux.o
                0x08004640                RTC_Alarm_IRQHandler
                0x08004640                EXTI2_IRQHandler
                0x08004640                TIM8_TRG_COM_IRQHandler
                0x08004640                TIM8_CC_IRQHandler
                0x08004640                TIM1_CC_IRQHandler
                0x08004640                USB_HP_IRQHandler
                0x08004640                CORDIC_IRQHandler
                0x08004640                EXTI3_IRQHandler
                0x08004640                I2C3_ER_IRQHandler
                0x08004640                EXTI0_IRQHandler
                0x08004640                I2C2_EV_IRQHandler
                0x08004640                FPU_IRQHandler
                0x08004640                FDCAN1_IT1_IRQHandler
                0x08004640                ADC1_2_IRQHandler
                0x08004640                SPI1_IRQHandler
                0x08004640                TIM6_DAC_IRQHandler
                0x08004640                TIM8_UP_IRQHandler
                0x08004640                DMA2_Channel2_IRQHandler
                0x08004640                DMA1_Channel4_IRQHandler
                0x08004640                USART3_IRQHandler
                0x08004640                TIM4_IRQHandler
                0x08004640                DMA2_Channel1_IRQHandler
                0x08004640                I2C1_EV_IRQHandler
                0x08004640                DMA1_Channel6_IRQHandler
                0x08004640                UART4_IRQHandler
                0x08004640                DMA2_Channel4_IRQHandler
                0x08004640                TIM3_IRQHandler
                0x08004640                RCC_IRQHandler
                0x08004640                Default_Handler
                0x08004640                RTC_TAMP_LSECSS_IRQHandler
                0x08004640                FMAC_IRQHandler
                0x08004640                EXTI15_10_IRQHandler
                0x08004640                TIM7_IRQHandler
                0x08004640                UCPD1_IRQHandler
                0x08004640                I2C3_EV_IRQHandler
                0x08004640                EXTI9_5_IRQHandler
                0x08004640                RTC_WKUP_IRQHandler
                0x08004640                PVD_PVM_IRQHandler
                0x08004640                SPI2_IRQHandler
                0x08004640                DMA2_Channel5_IRQHandler
                0x08004640                CRS_IRQHandler
                0x08004640                DMA1_Channel5_IRQHandler
                0x08004640                USB_LP_IRQHandler
                0x08004640                EXTI4_IRQHandler
                0x08004640                RNG_IRQHandler
                0x08004640                TIM1_TRG_COM_TIM17_IRQHandler
                0x08004640                DMA1_Channel3_IRQHandler
                0x08004640                WWDG_IRQHandler
                0x08004640                LPUART1_IRQHandler
                0x08004640                DMA2_Channel6_IRQHandler
                0x08004640                FDCAN1_IT0_IRQHandler
                0x08004640                TIM2_IRQHandler
                0x08004640                COMP1_2_3_IRQHandler
                0x08004640                EXTI1_IRQHandler
                0x08004640                USART2_IRQHandler
                0x08004640                I2C2_ER_IRQHandler
                0x08004640                TIM8_BRK_IRQHandler
                0x08004640                FLASH_IRQHandler
                0x08004640                SPI3_IRQHandler
                0x08004640                I2C1_ER_IRQHandler
                0x08004640                LPTIM1_IRQHandler
                0x08004640                DMAMUX_OVR_IRQHandler
                0x08004640                USBWakeUp_IRQHandler
                0x08004640                SAI1_IRQHandler
                0x08004640                DMA2_Channel3_IRQHandler
                0x08004640                COMP4_IRQHandler
                0x08004640                TIM1_BRK_TIM15_IRQHandler
 .text.HAL_Init
                0x08004642       0x30 ./Drivers/STM32G4xx_HAL_Driver/Src/stm32g4xx_hal.o
                0x08004642                HAL_Init
 *fill*         0x08004672        0x2 
 .text.HAL_IncTick
                0x08004674       0x24 ./Drivers/STM32G4xx_HAL_Driver/Src/stm32g4xx_hal.o
                0x08004674                HAL_IncTick
 .text.HAL_GetTick
                0x08004698       0x18 ./Drivers/STM32G4xx_HAL_Driver/Src/stm32g4xx_hal.o
                0x08004698                HAL_GetTick
 .text.HAL_Delay
                0x080046b0       0x44 ./Drivers/STM32G4xx_HAL_Driver/Src/stm32g4xx_hal.o
                0x080046b0                HAL_Delay
 .text.__NVIC_SetPriorityGrouping
                0x080046f4       0x48 ./Drivers/STM32G4xx_HAL_Driver/Src/stm32g4xx_hal_cortex.o
 .text.__NVIC_GetPriorityGrouping
                0x0800473c       0x1c ./Drivers/STM32G4xx_HAL_Driver/Src/stm32g4xx_hal_cortex.o
 .text.__NVIC_EnableIRQ
                0x08004758       0x3c ./Drivers/STM32G4xx_HAL_Driver/Src/stm32g4xx_hal_cortex.o
 .text.__NVIC_SetPriority
                0x08004794       0x54 ./Drivers/STM32G4xx_HAL_Driver/Src/stm32g4xx_hal_cortex.o
 .text.NVIC_EncodePriority
                0x080047e8       0x66 ./Drivers/STM32G4xx_HAL_Driver/Src/stm32g4xx_hal_cortex.o
 .text.HAL_NVIC_SetPriorityGrouping
                0x0800484e       0x16 ./Drivers/STM32G4xx_HAL_Driver/Src/stm32g4xx_hal_cortex.o
                0x0800484e                HAL_NVIC_SetPriorityGrouping
 .text.HAL_NVIC_SetPriority
                0x08004864       0x34 ./Drivers/STM32G4xx_HAL_Driver/Src/stm32g4xx_hal_cortex.o
                0x08004864                HAL_NVIC_SetPriority
 .text.HAL_NVIC_EnableIRQ
                0x08004898       0x1c ./Drivers/STM32G4xx_HAL_Driver/Src/stm32g4xx_hal_cortex.o
                0x08004898                HAL_NVIC_EnableIRQ
 .text.HAL_DMA_Init
                0x080048b4      0x150 ./Drivers/STM32G4xx_HAL_Driver/Src/stm32g4xx_hal_dma.o
                0x080048b4                HAL_DMA_Init
 .text.HAL_DMA_Start_IT
                0x08004a04       0xf6 ./Drivers/STM32G4xx_HAL_Driver/Src/stm32g4xx_hal_dma.o
                0x08004a04                HAL_DMA_Start_IT
 .text.HAL_DMA_Abort
                0x08004afa       0xb2 ./Drivers/STM32G4xx_HAL_Driver/Src/stm32g4xx_hal_dma.o
                0x08004afa                HAL_DMA_Abort
 .text.HAL_DMA_Abort_IT
                0x08004bac       0xce ./Drivers/STM32G4xx_HAL_Driver/Src/stm32g4xx_hal_dma.o
                0x08004bac                HAL_DMA_Abort_IT
 .text.HAL_DMA_IRQHandler
                0x08004c7a      0x15e ./Drivers/STM32G4xx_HAL_Driver/Src/stm32g4xx_hal_dma.o
                0x08004c7a                HAL_DMA_IRQHandler
 .text.DMA_SetConfig
                0x08004dd8       0x7c ./Drivers/STM32G4xx_HAL_Driver/Src/stm32g4xx_hal_dma.o
 .text.DMA_CalcDMAMUXChannelBaseAndMask
                0x08004e54       0x7c ./Drivers/STM32G4xx_HAL_Driver/Src/stm32g4xx_hal_dma.o
 .text.DMA_CalcDMAMUXRequestGenBaseAndMask
                0x08004ed0       0x48 ./Drivers/STM32G4xx_HAL_Driver/Src/stm32g4xx_hal_dma.o
 .text.HAL_FLASH_Program
                0x08004f18       0xd8 ./Drivers/STM32G4xx_HAL_Driver/Src/stm32g4xx_hal_flash.o
                0x08004f18                HAL_FLASH_Program
 .text.HAL_FLASH_Unlock
                0x08004ff0       0x44 ./Drivers/STM32G4xx_HAL_Driver/Src/stm32g4xx_hal_flash.o
                0x08004ff0                HAL_FLASH_Unlock
 .text.HAL_FLASH_Lock
                0x08005034       0x34 ./Drivers/STM32G4xx_HAL_Driver/Src/stm32g4xx_hal_flash.o
                0x08005034                HAL_FLASH_Lock
 .text.FLASH_WaitForLastOperation
                0x08005068       0xa4 ./Drivers/STM32G4xx_HAL_Driver/Src/stm32g4xx_hal_flash.o
                0x08005068                FLASH_WaitForLastOperation
 .text.FLASH_Program_DoubleWord
                0x0800510c       0x4c ./Drivers/STM32G4xx_HAL_Driver/Src/stm32g4xx_hal_flash.o
 .text.FLASH_Program_Fast
                0x08005158       0x6c ./Drivers/STM32G4xx_HAL_Driver/Src/stm32g4xx_hal_flash.o
 .text.HAL_FLASHEx_Erase
                0x080051c4      0x130 ./Drivers/STM32G4xx_HAL_Driver/Src/stm32g4xx_hal_flash_ex.o
                0x080051c4                HAL_FLASHEx_Erase
 .text.FLASH_MassErase
                0x080052f4       0x3c ./Drivers/STM32G4xx_HAL_Driver/Src/stm32g4xx_hal_flash_ex.o
 .text.FLASH_PageErase
                0x08005330       0x48 ./Drivers/STM32G4xx_HAL_Driver/Src/stm32g4xx_hal_flash_ex.o
                0x08005330                FLASH_PageErase
 .text.FLASH_FlushCaches
                0x08005378       0x94 ./Drivers/STM32G4xx_HAL_Driver/Src/stm32g4xx_hal_flash_ex.o
                0x08005378                FLASH_FlushCaches
 .text.HAL_GPIO_Init
                0x0800540c      0x304 ./Drivers/STM32G4xx_HAL_Driver/Src/stm32g4xx_hal_gpio.o
                0x0800540c                HAL_GPIO_Init
 .text.HAL_GPIO_WritePin
                0x08005710       0x30 ./Drivers/STM32G4xx_HAL_Driver/Src/stm32g4xx_hal_gpio.o
                0x08005710                HAL_GPIO_WritePin
 .text.HAL_GPIO_TogglePin
                0x08005740       0x34 ./Drivers/STM32G4xx_HAL_Driver/Src/stm32g4xx_hal_gpio.o
                0x08005740                HAL_GPIO_TogglePin
 .text.HAL_I2C_Init
                0x08005774      0x136 ./Drivers/STM32G4xx_HAL_Driver/Src/stm32g4xx_hal_i2c.o
                0x08005774                HAL_I2C_Init
 *fill*         0x080058aa        0x2 
 .text.HAL_I2C_Mem_Write
                0x080058ac      0x228 ./Drivers/STM32G4xx_HAL_Driver/Src/stm32g4xx_hal_i2c.o
                0x080058ac                HAL_I2C_Mem_Write
 .text.HAL_I2C_Mem_Read
                0x08005ad4      0x234 ./Drivers/STM32G4xx_HAL_Driver/Src/stm32g4xx_hal_i2c.o
                0x08005ad4                HAL_I2C_Mem_Read
 .text.I2C_RequestMemoryWrite
                0x08005d08       0xa8 ./Drivers/STM32G4xx_HAL_Driver/Src/stm32g4xx_hal_i2c.o
 .text.I2C_RequestMemoryRead
                0x08005db0       0xa8 ./Drivers/STM32G4xx_HAL_Driver/Src/stm32g4xx_hal_i2c.o
 .text.I2C_Flush_TXDR
                0x08005e58       0x48 ./Drivers/STM32G4xx_HAL_Driver/Src/stm32g4xx_hal_i2c.o
 .text.I2C_WaitOnFlagUntilTimeout
                0x08005ea0       0xb2 ./Drivers/STM32G4xx_HAL_Driver/Src/stm32g4xx_hal_i2c.o
 .text.I2C_WaitOnTXISFlagUntilTimeout
                0x08005f52       0x8e ./Drivers/STM32G4xx_HAL_Driver/Src/stm32g4xx_hal_i2c.o
 .text.I2C_WaitOnSTOPFlagUntilTimeout
                0x08005fe0       0x86 ./Drivers/STM32G4xx_HAL_Driver/Src/stm32g4xx_hal_i2c.o
 *fill*         0x08006066        0x2 
 .text.I2C_IsErrorOccurred
                0x08006068      0x1c0 ./Drivers/STM32G4xx_HAL_Driver/Src/stm32g4xx_hal_i2c.o
 .text.I2C_TransferConfig
                0x08006228       0x64 ./Drivers/STM32G4xx_HAL_Driver/Src/stm32g4xx_hal_i2c.o
 .text.HAL_I2CEx_ConfigAnalogFilter
                0x0800628c       0x96 ./Drivers/STM32G4xx_HAL_Driver/Src/stm32g4xx_hal_i2c_ex.o
                0x0800628c                HAL_I2CEx_ConfigAnalogFilter
 .text.HAL_I2CEx_ConfigDigitalFilter
                0x08006322       0x98 ./Drivers/STM32G4xx_HAL_Driver/Src/stm32g4xx_hal_i2c_ex.o
                0x08006322                HAL_I2CEx_ConfigDigitalFilter
 .text.HAL_IWDG_Init
                0x080063ba       0x9e ./Drivers/STM32G4xx_HAL_Driver/Src/stm32g4xx_hal_iwdg.o
                0x080063ba                HAL_IWDG_Init
 .text.HAL_IWDG_Refresh
                0x08006458       0x20 ./Drivers/STM32G4xx_HAL_Driver/Src/stm32g4xx_hal_iwdg.o
                0x08006458                HAL_IWDG_Refresh
 .text.HAL_PWREx_ControlVoltageScaling
                0x08006478      0x148 ./Drivers/STM32G4xx_HAL_Driver/Src/stm32g4xx_hal_pwr_ex.o
                0x08006478                HAL_PWREx_ControlVoltageScaling
 .text.HAL_PWREx_DisableUCPDDeadBattery
                0x080065c0       0x20 ./Drivers/STM32G4xx_HAL_Driver/Src/stm32g4xx_hal_pwr_ex.o
                0x080065c0                HAL_PWREx_DisableUCPDDeadBattery
 .text.HAL_RCC_OscConfig
                0x080065e0      0x624 ./Drivers/STM32G4xx_HAL_Driver/Src/stm32g4xx_hal_rcc.o
                0x080065e0                HAL_RCC_OscConfig
 .text.HAL_RCC_ClockConfig
                0x08006c04      0x278 ./Drivers/STM32G4xx_HAL_Driver/Src/stm32g4xx_hal_rcc.o
                0x08006c04                HAL_RCC_ClockConfig
 .text.HAL_RCC_GetSysClockFreq
                0x08006e7c       0xc4 ./Drivers/STM32G4xx_HAL_Driver/Src/stm32g4xx_hal_rcc.o
                0x08006e7c                HAL_RCC_GetSysClockFreq
 .text.HAL_RCC_GetHCLKFreq
                0x08006f40       0x18 ./Drivers/STM32G4xx_HAL_Driver/Src/stm32g4xx_hal_rcc.o
                0x08006f40                HAL_RCC_GetHCLKFreq
 .text.HAL_RCC_GetPCLK1Freq
                0x08006f58       0x2c ./Drivers/STM32G4xx_HAL_Driver/Src/stm32g4xx_hal_rcc.o
                0x08006f58                HAL_RCC_GetPCLK1Freq
 .text.HAL_RCC_GetPCLK2Freq
                0x08006f84       0x2c ./Drivers/STM32G4xx_HAL_Driver/Src/stm32g4xx_hal_rcc.o
                0x08006f84                HAL_RCC_GetPCLK2Freq
 .text.HAL_RCC_GetClockConfig
                0x08006fb0       0x64 ./Drivers/STM32G4xx_HAL_Driver/Src/stm32g4xx_hal_rcc.o
                0x08006fb0                HAL_RCC_GetClockConfig
 .text.RCC_GetSysClockFreqFromPLLSource
                0x08007014       0x8c ./Drivers/STM32G4xx_HAL_Driver/Src/stm32g4xx_hal_rcc.o
 .text.HAL_RCCEx_PeriphCLKConfig
                0x080070a0      0x3e0 ./Drivers/STM32G4xx_HAL_Driver/Src/stm32g4xx_hal_rcc_ex.o
                0x080070a0                HAL_RCCEx_PeriphCLKConfig
 .text.HAL_TIM_Base_Init
                0x08007480       0xae ./Drivers/STM32G4xx_HAL_Driver/Src/stm32g4xx_hal_tim.o
                0x08007480                HAL_TIM_Base_Init
 .text.HAL_TIM_Base_MspInit
                0x0800752e       0x14 ./Drivers/STM32G4xx_HAL_Driver/Src/stm32g4xx_hal_tim.o
                0x0800752e                HAL_TIM_Base_MspInit
 *fill*         0x08007542        0x2 
 .text.HAL_TIM_Base_Start_IT
                0x08007544       0xd4 ./Drivers/STM32G4xx_HAL_Driver/Src/stm32g4xx_hal_tim.o
                0x08007544                HAL_TIM_Base_Start_IT
 .text.HAL_TIM_IRQHandler
                0x08007618      0x29e ./Drivers/STM32G4xx_HAL_Driver/Src/stm32g4xx_hal_tim.o
                0x08007618                HAL_TIM_IRQHandler
 .text.HAL_TIM_OC_DelayElapsedCallback
                0x080078b6       0x14 ./Drivers/STM32G4xx_HAL_Driver/Src/stm32g4xx_hal_tim.o
                0x080078b6                HAL_TIM_OC_DelayElapsedCallback
 .text.HAL_TIM_IC_CaptureCallback
                0x080078ca       0x14 ./Drivers/STM32G4xx_HAL_Driver/Src/stm32g4xx_hal_tim.o
                0x080078ca                HAL_TIM_IC_CaptureCallback
 .text.HAL_TIM_PWM_PulseFinishedCallback
                0x080078de       0x14 ./Drivers/STM32G4xx_HAL_Driver/Src/stm32g4xx_hal_tim.o
                0x080078de                HAL_TIM_PWM_PulseFinishedCallback
 .text.HAL_TIM_TriggerCallback
                0x080078f2       0x14 ./Drivers/STM32G4xx_HAL_Driver/Src/stm32g4xx_hal_tim.o
                0x080078f2                HAL_TIM_TriggerCallback
 *fill*         0x08007906        0x2 
 .text.TIM_Base_SetConfig
                0x08007908      0x138 ./Drivers/STM32G4xx_HAL_Driver/Src/stm32g4xx_hal_tim.o
                0x08007908                TIM_Base_SetConfig
 .text.HAL_TIMEx_CommutCallback
                0x08007a40       0x14 ./Drivers/STM32G4xx_HAL_Driver/Src/stm32g4xx_hal_tim_ex.o
                0x08007a40                HAL_TIMEx_CommutCallback
 .text.HAL_TIMEx_BreakCallback
                0x08007a54       0x14 ./Drivers/STM32G4xx_HAL_Driver/Src/stm32g4xx_hal_tim_ex.o
                0x08007a54                HAL_TIMEx_BreakCallback
 .text.HAL_TIMEx_Break2Callback
                0x08007a68       0x14 ./Drivers/STM32G4xx_HAL_Driver/Src/stm32g4xx_hal_tim_ex.o
                0x08007a68                HAL_TIMEx_Break2Callback
 .text.HAL_TIMEx_EncoderIndexCallback
                0x08007a7c       0x14 ./Drivers/STM32G4xx_HAL_Driver/Src/stm32g4xx_hal_tim_ex.o
                0x08007a7c                HAL_TIMEx_EncoderIndexCallback
 .text.HAL_TIMEx_DirectionChangeCallback
                0x08007a90       0x14 ./Drivers/STM32G4xx_HAL_Driver/Src/stm32g4xx_hal_tim_ex.o
                0x08007a90                HAL_TIMEx_DirectionChangeCallback
 .text.HAL_TIMEx_IndexErrorCallback
                0x08007aa4       0x14 ./Drivers/STM32G4xx_HAL_Driver/Src/stm32g4xx_hal_tim_ex.o
                0x08007aa4                HAL_TIMEx_IndexErrorCallback
 .text.HAL_TIMEx_TransitionErrorCallback
                0x08007ab8       0x14 ./Drivers/STM32G4xx_HAL_Driver/Src/stm32g4xx_hal_tim_ex.o
                0x08007ab8                HAL_TIMEx_TransitionErrorCallback
 .text.HAL_UART_Init
                0x08007acc       0xa0 ./Drivers/STM32G4xx_HAL_Driver/Src/stm32g4xx_hal_uart.o
                0x08007acc                HAL_UART_Init
 .text.HAL_UART_Transmit_DMA
                0x08007b6c      0x100 ./Drivers/STM32G4xx_HAL_Driver/Src/stm32g4xx_hal_uart.o
                0x08007b6c                HAL_UART_Transmit_DMA
 .text.HAL_UART_IRQHandler
                0x08007c6c      0x684 ./Drivers/STM32G4xx_HAL_Driver/Src/stm32g4xx_hal_uart.o
                0x08007c6c                HAL_UART_IRQHandler
 .text.HAL_UART_TxCpltCallback
                0x080082f0       0x14 ./Drivers/STM32G4xx_HAL_Driver/Src/stm32g4xx_hal_uart.o
                0x080082f0                HAL_UART_TxCpltCallback
 .text.HAL_UART_TxHalfCpltCallback
                0x08008304       0x14 ./Drivers/STM32G4xx_HAL_Driver/Src/stm32g4xx_hal_uart.o
                0x08008304                HAL_UART_TxHalfCpltCallback
 .text.HAL_UART_RxCpltCallback
                0x08008318       0x14 ./Drivers/STM32G4xx_HAL_Driver/Src/stm32g4xx_hal_uart.o
                0x08008318                HAL_UART_RxCpltCallback
 .text.HAL_UART_RxHalfCpltCallback
                0x0800832c       0x14 ./Drivers/STM32G4xx_HAL_Driver/Src/stm32g4xx_hal_uart.o
                0x0800832c                HAL_UART_RxHalfCpltCallback
 .text.HAL_UART_ErrorCallback
                0x08008340       0x14 ./Drivers/STM32G4xx_HAL_Driver/Src/stm32g4xx_hal_uart.o
                0x08008340                HAL_UART_ErrorCallback
 .text.UART_SetConfig
                0x08008354      0x598 ./Drivers/STM32G4xx_HAL_Driver/Src/stm32g4xx_hal_uart.o
                0x08008354                UART_SetConfig
 .text.UART_AdvFeatureConfig
                0x080088ec      0x144 ./Drivers/STM32G4xx_HAL_Driver/Src/stm32g4xx_hal_uart.o
                0x080088ec                UART_AdvFeatureConfig
 .text.UART_CheckIdleState
                0x08008a30      0x154 ./Drivers/STM32G4xx_HAL_Driver/Src/stm32g4xx_hal_uart.o
                0x08008a30                UART_CheckIdleState
 .text.UART_WaitOnFlagUntilTimeout
                0x08008b84       0xda ./Drivers/STM32G4xx_HAL_Driver/Src/stm32g4xx_hal_uart.o
                0x08008b84                UART_WaitOnFlagUntilTimeout
 *fill*         0x08008c5e        0x2 
 .text.UART_Start_Receive_DMA
                0x08008c60      0x14c ./Drivers/STM32G4xx_HAL_Driver/Src/stm32g4xx_hal_uart.o
                0x08008c60                UART_Start_Receive_DMA
 .text.UART_EndTxTransfer
                0x08008dac       0x82 ./Drivers/STM32G4xx_HAL_Driver/Src/stm32g4xx_hal_uart.o
 .text.UART_EndRxTransfer
                0x08008e2e       0xcc ./Drivers/STM32G4xx_HAL_Driver/Src/stm32g4xx_hal_uart.o
 .text.UART_DMATransmitCplt
                0x08008efa       0x9a ./Drivers/STM32G4xx_HAL_Driver/Src/stm32g4xx_hal_uart.o
 .text.UART_DMATxHalfCplt
                0x08008f94       0x1c ./Drivers/STM32G4xx_HAL_Driver/Src/stm32g4xx_hal_uart.o
 .text.UART_DMAReceiveCplt
                0x08008fb0      0x12c ./Drivers/STM32G4xx_HAL_Driver/Src/stm32g4xx_hal_uart.o
 .text.UART_DMARxHalfCplt
                0x080090dc       0x3e ./Drivers/STM32G4xx_HAL_Driver/Src/stm32g4xx_hal_uart.o
 .text.UART_DMAError
                0x0800911a       0x80 ./Drivers/STM32G4xx_HAL_Driver/Src/stm32g4xx_hal_uart.o
 .text.UART_DMAAbortOnError
                0x0800919a       0x24 ./Drivers/STM32G4xx_HAL_Driver/Src/stm32g4xx_hal_uart.o
 .text.UART_EndTransmit_IT
                0x080091be       0x56 ./Drivers/STM32G4xx_HAL_Driver/Src/stm32g4xx_hal_uart.o
 .text.HAL_UARTEx_WakeupCallback
                0x08009214       0x14 ./Drivers/STM32G4xx_HAL_Driver/Src/stm32g4xx_hal_uart_ex.o
                0x08009214                HAL_UARTEx_WakeupCallback
 .text.HAL_UARTEx_RxFifoFullCallback
                0x08009228       0x14 ./Drivers/STM32G4xx_HAL_Driver/Src/stm32g4xx_hal_uart_ex.o
                0x08009228                HAL_UARTEx_RxFifoFullCallback
 .text.HAL_UARTEx_TxFifoEmptyCallback
                0x0800923c       0x14 ./Drivers/STM32G4xx_HAL_Driver/Src/stm32g4xx_hal_uart_ex.o
                0x0800923c                HAL_UARTEx_TxFifoEmptyCallback
 .text.HAL_UARTEx_DisableFifoMode
                0x08009250       0x72 ./Drivers/STM32G4xx_HAL_Driver/Src/stm32g4xx_hal_uart_ex.o
                0x08009250                HAL_UARTEx_DisableFifoMode
 .text.HAL_UARTEx_SetTxFifoThreshold
                0x080092c2       0x7c ./Drivers/STM32G4xx_HAL_Driver/Src/stm32g4xx_hal_uart_ex.o
                0x080092c2                HAL_UARTEx_SetTxFifoThreshold
 .text.HAL_UARTEx_SetRxFifoThreshold
                0x0800933e       0x7c ./Drivers/STM32G4xx_HAL_Driver/Src/stm32g4xx_hal_uart_ex.o
                0x0800933e                HAL_UARTEx_SetRxFifoThreshold
 .text.HAL_UARTEx_ReceiveToIdle_DMA
                0x080093ba       0xa8 ./Drivers/STM32G4xx_HAL_Driver/Src/stm32g4xx_hal_uart_ex.o
                0x080093ba                HAL_UARTEx_ReceiveToIdle_DMA
 *fill*         0x08009462        0x2 
 .text.UARTEx_SetNbDataToProcess
                0x08009464       0x9c ./Drivers/STM32G4xx_HAL_Driver/Src/stm32g4xx_hal_uart_ex.o
 .text.makeFreeRtosPriority
                0x08009500       0x30 ./Middlewares/Third_Party/FreeRTOS/Source/CMSIS_RTOS/cmsis_os.o
 .text.osKernelStart
                0x08009530        0xe ./Middlewares/Third_Party/FreeRTOS/Source/CMSIS_RTOS/cmsis_os.o
                0x08009530                osKernelStart
 .text.osThreadCreate
                0x0800953e       0x4e ./Middlewares/Third_Party/FreeRTOS/Source/CMSIS_RTOS/cmsis_os.o
                0x0800953e                osThreadCreate
 .text.osDelay  0x0800958c       0x28 ./Middlewares/Third_Party/FreeRTOS/Source/CMSIS_RTOS/cmsis_os.o
                0x0800958c                osDelay
 .text.vListInitialise
                0x080095b4       0x40 ./Middlewares/Third_Party/FreeRTOS/Source/list.o
                0x080095b4                vListInitialise
 .text.vListInitialiseItem
                0x080095f4       0x1a ./Middlewares/Third_Party/FreeRTOS/Source/list.o
                0x080095f4                vListInitialiseItem
 .text.vListInsertEnd
                0x0800960e       0x48 ./Middlewares/Third_Party/FreeRTOS/Source/list.o
                0x0800960e                vListInsertEnd
 .text.vListInsert
                0x08009656       0x72 ./Middlewares/Third_Party/FreeRTOS/Source/list.o
                0x08009656                vListInsert
 .text.uxListRemove
                0x080096c8       0x54 ./Middlewares/Third_Party/FreeRTOS/Source/list.o
                0x080096c8                uxListRemove
 .text.xTaskCreate
                0x0800971c       0x82 ./Middlewares/Third_Party/FreeRTOS/Source/tasks.o
                0x0800971c                xTaskCreate
 *fill*         0x0800979e        0x2 
 .text.prvInitialiseNewTask
                0x080097a0      0x140 ./Middlewares/Third_Party/FreeRTOS/Source/tasks.o
 .text.prvAddNewTaskToReadyList
                0x080098e0       0xd4 ./Middlewares/Third_Party/FreeRTOS/Source/tasks.o
 .text.vTaskDelayUntil
                0x080099b4      0x100 ./Middlewares/Third_Party/FreeRTOS/Source/tasks.o
                0x080099b4                vTaskDelayUntil
 .text.vTaskDelay
                0x08009ab4       0x6c ./Middlewares/Third_Party/FreeRTOS/Source/tasks.o
                0x08009ab4                vTaskDelay
 .text.vTaskStartScheduler
                0x08009b20       0xa4 ./Middlewares/Third_Party/FreeRTOS/Source/tasks.o
                0x08009b20                vTaskStartScheduler
 .text.vTaskSuspendAll
                0x08009bc4       0x1c ./Middlewares/Third_Party/FreeRTOS/Source/tasks.o
                0x08009bc4                vTaskSuspendAll
 .text.xTaskResumeAll
                0x08009be0      0x13c ./Middlewares/Third_Party/FreeRTOS/Source/tasks.o
                0x08009be0                xTaskResumeAll
 .text.xTaskGetTickCount
                0x08009d1c       0x20 ./Middlewares/Third_Party/FreeRTOS/Source/tasks.o
                0x08009d1c                xTaskGetTickCount
 .text.xTaskIncrementTick
                0x08009d3c      0x174 ./Middlewares/Third_Party/FreeRTOS/Source/tasks.o
                0x08009d3c                xTaskIncrementTick
 .text.vTaskSwitchContext
                0x08009eb0       0xc8 ./Middlewares/Third_Party/FreeRTOS/Source/tasks.o
                0x08009eb0                vTaskSwitchContext
 .text.prvIdleTask
                0x08009f78       0x30 ./Middlewares/Third_Party/FreeRTOS/Source/tasks.o
 .text.prvInitialiseTaskLists
                0x08009fa8       0x80 ./Middlewares/Third_Party/FreeRTOS/Source/tasks.o
 .text.prvCheckTasksWaitingTermination
                0x0800a028       0x5c ./Middlewares/Third_Party/FreeRTOS/Source/tasks.o
 .text.prvDeleteTCB
                0x0800a084       0x2a ./Middlewares/Third_Party/FreeRTOS/Source/tasks.o
 *fill*         0x0800a0ae        0x2 
 .text.prvResetNextTaskUnblockTime
                0x0800a0b0       0x40 ./Middlewares/Third_Party/FreeRTOS/Source/tasks.o
 .text.prvAddCurrentTaskToDelayedList
                0x0800a0f0       0xcc ./Middlewares/Third_Party/FreeRTOS/Source/tasks.o
 .text.pxPortInitialiseStack
                0x0800a1bc       0x68 ./Middlewares/Third_Party/FreeRTOS/Source/portable/GCC/ARM_CM4F/port.o
                0x0800a1bc                pxPortInitialiseStack
 .text.prvTaskExitError
                0x0800a224       0x5c ./Middlewares/Third_Party/FreeRTOS/Source/portable/GCC/ARM_CM4F/port.o
 .text.SVC_Handler
                0x0800a280       0x28 ./Middlewares/Third_Party/FreeRTOS/Source/portable/GCC/ARM_CM4F/port.o
                0x0800a280                SVC_Handler
 .text.prvPortStartFirstTask
                0x0800a2a8       0x28 ./Middlewares/Third_Party/FreeRTOS/Source/portable/GCC/ARM_CM4F/port.o
 .text.xPortStartScheduler
                0x0800a2d0      0x148 ./Middlewares/Third_Party/FreeRTOS/Source/portable/GCC/ARM_CM4F/port.o
                0x0800a2d0                xPortStartScheduler
 .text.vPortEnterCritical
                0x0800a418       0x64 ./Middlewares/Third_Party/FreeRTOS/Source/portable/GCC/ARM_CM4F/port.o
                0x0800a418                vPortEnterCritical
 .text.vPortExitCritical
                0x0800a47c       0x54 ./Middlewares/Third_Party/FreeRTOS/Source/portable/GCC/ARM_CM4F/port.o
                0x0800a47c                vPortExitCritical
 .text.PendSV_Handler
                0x0800a4d0       0x68 ./Middlewares/Third_Party/FreeRTOS/Source/portable/GCC/ARM_CM4F/port.o
                0x0800a4d0                PendSV_Handler
 .text.SysTick_Handler
                0x0800a538       0x44 ./Middlewares/Third_Party/FreeRTOS/Source/portable/GCC/ARM_CM4F/port.o
                0x0800a538                SysTick_Handler
 .text.vPortSetupTimerInterrupt
                0x0800a57c       0x48 ./Middlewares/Third_Party/FreeRTOS/Source/portable/GCC/ARM_CM4F/port.o
                0x0800a57c                vPortSetupTimerInterrupt
 .text.vPortEnableVFP
                0x0800a5c4       0x14 ./Middlewares/Third_Party/FreeRTOS/Source/portable/GCC/ARM_CM4F/port.o
 .text.pvPortMalloc
                0x0800a5d8      0x19c ./Middlewares/Third_Party/FreeRTOS/Source/portable/MemMang/heap_4.o
                0x0800a5d8                pvPortMalloc
 .text.vPortFree
                0x0800a774       0xc8 ./Middlewares/Third_Party/FreeRTOS/Source/portable/MemMang/heap_4.o
                0x0800a774                vPortFree
 .text.prvHeapInit
                0x0800a83c       0xc4 ./Middlewares/Third_Party/FreeRTOS/Source/portable/MemMang/heap_4.o
 .text.prvInsertBlockIntoFreeList
                0x0800a900       0xb4 ./Middlewares/Third_Party/FreeRTOS/Source/portable/MemMang/heap_4.o
 .text.memcmp   0x0800a9b4       0x20 C:/ST/STM32CubeIDE_1.19.0/STM32CubeIDE/plugins/com.st.stm32cube.ide.mcu.externaltools.gnu-tools-for-stm32.13.3.rel1.win32_1.0.0.202411081344/tools/bin/../lib/gcc/arm-none-eabi/13.3.1/../../../../arm-none-eabi/lib/thumb/v7e-m+fp/hard\libc_nano.a(libc_a-memcmp.o)
                0x0800a9b4                memcmp
 .text.memset   0x0800a9d4       0x10 C:/ST/STM32CubeIDE_1.19.0/STM32CubeIDE/plugins/com.st.stm32cube.ide.mcu.externaltools.gnu-tools-for-stm32.13.3.rel1.win32_1.0.0.202411081344/tools/bin/../lib/gcc/arm-none-eabi/13.3.1/../../../../arm-none-eabi/lib/thumb/v7e-m+fp/hard\libc_nano.a(libc_a-memset.o)
                0x0800a9d4                memset
 .text._reclaim_reent
                0x0800a9e4       0xbc C:/ST/STM32CubeIDE_1.19.0/STM32CubeIDE/plugins/com.st.stm32cube.ide.mcu.externaltools.gnu-tools-for-stm32.13.3.rel1.win32_1.0.0.202411081344/tools/bin/../lib/gcc/arm-none-eabi/13.3.1/../../../../arm-none-eabi/lib/thumb/v7e-m+fp/hard\libc_nano.a(libc_a-reent.o)
                0x0800a9e4                _reclaim_reent
 .text.__errno  0x0800aaa0        0xc C:/ST/STM32CubeIDE_1.19.0/STM32CubeIDE/plugins/com.st.stm32cube.ide.mcu.externaltools.gnu-tools-for-stm32.13.3.rel1.win32_1.0.0.202411081344/tools/bin/../lib/gcc/arm-none-eabi/13.3.1/../../../../arm-none-eabi/lib/thumb/v7e-m+fp/hard\libc_nano.a(libc_a-errno.o)
                0x0800aaa0                __errno
 .text.__libc_init_array
                0x0800aaac       0x48 C:/ST/STM32CubeIDE_1.19.0/STM32CubeIDE/plugins/com.st.stm32cube.ide.mcu.externaltools.gnu-tools-for-stm32.13.3.rel1.win32_1.0.0.202411081344/tools/bin/../lib/gcc/arm-none-eabi/13.3.1/../../../../arm-none-eabi/lib/thumb/v7e-m+fp/hard\libc_nano.a(libc_a-init.o)
                0x0800aaac                __libc_init_array
 .text.__retarget_lock_acquire_recursive
                0x0800aaf4        0x2 C:/ST/STM32CubeIDE_1.19.0/STM32CubeIDE/plugins/com.st.stm32cube.ide.mcu.externaltools.gnu-tools-for-stm32.13.3.rel1.win32_1.0.0.202411081344/tools/bin/../lib/gcc/arm-none-eabi/13.3.1/../../../../arm-none-eabi/lib/thumb/v7e-m+fp/hard\libc_nano.a(libc_a-lock.o)
                0x0800aaf4                __retarget_lock_acquire_recursive
 .text.__retarget_lock_release_recursive
                0x0800aaf6        0x2 C:/ST/STM32CubeIDE_1.19.0/STM32CubeIDE/plugins/com.st.stm32cube.ide.mcu.externaltools.gnu-tools-for-stm32.13.3.rel1.win32_1.0.0.202411081344/tools/bin/../lib/gcc/arm-none-eabi/13.3.1/../../../../arm-none-eabi/lib/thumb/v7e-m+fp/hard\libc_nano.a(libc_a-lock.o)
                0x0800aaf6                __retarget_lock_release_recursive
 .text.strcpy   0x0800aaf8       0x10 C:/ST/STM32CubeIDE_1.19.0/STM32CubeIDE/plugins/com.st.stm32cube.ide.mcu.externaltools.gnu-tools-for-stm32.13.3.rel1.win32_1.0.0.202411081344/tools/bin/../lib/gcc/arm-none-eabi/13.3.1/../../../../arm-none-eabi/lib/thumb/v7e-m+fp/hard\libc_nano.a(libc_a-strcpy.o)
                0x0800aaf8                strcpy
 .text.memcpy   0x0800ab08       0x1c C:/ST/STM32CubeIDE_1.19.0/STM32CubeIDE/plugins/com.st.stm32cube.ide.mcu.externaltools.gnu-tools-for-stm32.13.3.rel1.win32_1.0.0.202411081344/tools/bin/../lib/gcc/arm-none-eabi/13.3.1/../../../../arm-none-eabi/lib/thumb/v7e-m+fp/hard\libc_nano.a(libc_a-memcpy-stub.o)
                0x0800ab08                memcpy
 .text._free_r  0x0800ab24       0x94 C:/ST/STM32CubeIDE_1.19.0/STM32CubeIDE/plugins/com.st.stm32cube.ide.mcu.externaltools.gnu-tools-for-stm32.13.3.rel1.win32_1.0.0.202411081344/tools/bin/../lib/gcc/arm-none-eabi/13.3.1/../../../../arm-none-eabi/lib/thumb/v7e-m+fp/hard\libc_nano.a(libc_a-freer.o)
                0x0800ab24                _free_r
 .text.__malloc_lock
                0x0800abb8        0xc C:/ST/STM32CubeIDE_1.19.0/STM32CubeIDE/plugins/com.st.stm32cube.ide.mcu.externaltools.gnu-tools-for-stm32.13.3.rel1.win32_1.0.0.202411081344/tools/bin/../lib/gcc/arm-none-eabi/13.3.1/../../../../arm-none-eabi/lib/thumb/v7e-m+fp/hard\libc_nano.a(libc_a-mlock.o)
                0x0800abb8                __malloc_lock
 .text.__malloc_unlock
                0x0800abc4        0xc C:/ST/STM32CubeIDE_1.19.0/STM32CubeIDE/plugins/com.st.stm32cube.ide.mcu.externaltools.gnu-tools-for-stm32.13.3.rel1.win32_1.0.0.202411081344/tools/bin/../lib/gcc/arm-none-eabi/13.3.1/../../../../arm-none-eabi/lib/thumb/v7e-m+fp/hard\libc_nano.a(libc_a-mlock.o)
                0x0800abc4                __malloc_unlock
 .text.sqrt     0x0800abd0       0x58 C:/ST/STM32CubeIDE_1.19.0/STM32CubeIDE/plugins/com.st.stm32cube.ide.mcu.externaltools.gnu-tools-for-stm32.13.3.rel1.win32_1.0.0.202411081344/tools/bin/../lib/gcc/arm-none-eabi/13.3.1/../../../../arm-none-eabi/lib/thumb/v7e-m+fp/hard\libm.a(libm_a-w_sqrt.o)
                0x0800abd0                sqrt
 .text.powf     0x0800ac28       0xae C:/ST/STM32CubeIDE_1.19.0/STM32CubeIDE/plugins/com.st.stm32cube.ide.mcu.externaltools.gnu-tools-for-stm32.13.3.rel1.win32_1.0.0.202411081344/tools/bin/../lib/gcc/arm-none-eabi/13.3.1/../../../../arm-none-eabi/lib/thumb/v7e-m+fp/hard\libm.a(libm_a-wf_pow.o)
                0x0800ac28                powf
 .text.finitef  0x0800acd6       0x14 C:/ST/STM32CubeIDE_1.19.0/STM32CubeIDE/plugins/com.st.stm32cube.ide.mcu.externaltools.gnu-tools-for-stm32.13.3.rel1.win32_1.0.0.202411081344/tools/bin/../lib/gcc/arm-none-eabi/13.3.1/../../../../arm-none-eabi/lib/thumb/v7e-m+fp/hard\libm.a(libm_a-sf_finite.o)
                0x0800acd6                finitef
 *fill*         0x0800acea        0x2 
 .text.__ieee754_sqrt
                0x0800acec      0x1ac C:/ST/STM32CubeIDE_1.19.0/STM32CubeIDE/plugins/com.st.stm32cube.ide.mcu.externaltools.gnu-tools-for-stm32.13.3.rel1.win32_1.0.0.202411081344/tools/bin/../lib/gcc/arm-none-eabi/13.3.1/../../../../arm-none-eabi/lib/thumb/v7e-m+fp/hard\libm.a(libm_a-e_sqrt.o)
                0x0800acec                __ieee754_sqrt
 .text.__ieee754_powf
                0x0800ae98      0x59c C:/ST/STM32CubeIDE_1.19.0/STM32CubeIDE/plugins/com.st.stm32cube.ide.mcu.externaltools.gnu-tools-for-stm32.13.3.rel1.win32_1.0.0.202411081344/tools/bin/../lib/gcc/arm-none-eabi/13.3.1/../../../../arm-none-eabi/lib/thumb/v7e-m+fp/hard\libm.a(libm_a-ef_pow.o)
                0x0800ae98                __ieee754_powf
 .text.fabsf    0x0800b434        0xe C:/ST/STM32CubeIDE_1.19.0/STM32CubeIDE/plugins/com.st.stm32cube.ide.mcu.externaltools.gnu-tools-for-stm32.13.3.rel1.win32_1.0.0.202411081344/tools/bin/../lib/gcc/arm-none-eabi/13.3.1/../../../../arm-none-eabi/lib/thumb/v7e-m+fp/hard\libm.a(libm_a-sf_fabs.o)
                0x0800b434                fabsf
 *fill*         0x0800b442        0x2 
 .text.scalbnf  0x0800b444       0xcc C:/ST/STM32CubeIDE_1.19.0/STM32CubeIDE/plugins/com.st.stm32cube.ide.mcu.externaltools.gnu-tools-for-stm32.13.3.rel1.win32_1.0.0.202411081344/tools/bin/../lib/gcc/arm-none-eabi/13.3.1/../../../../arm-none-eabi/lib/thumb/v7e-m+fp/hard\libm.a(libm_a-sf_scalbn.o)
                0x0800b444                scalbnf
 .text.with_errnof
                0x0800b510       0x1c C:/ST/STM32CubeIDE_1.19.0/STM32CubeIDE/plugins/com.st.stm32cube.ide.mcu.externaltools.gnu-tools-for-stm32.13.3.rel1.win32_1.0.0.202411081344/tools/bin/../lib/gcc/arm-none-eabi/13.3.1/../../../../arm-none-eabi/lib/thumb/v7e-m+fp/hard\libm.a(libm_a-math_errf.o)
 .text.xflowf   0x0800b52c       0x16 C:/ST/STM32CubeIDE_1.19.0/STM32CubeIDE/plugins/com.st.stm32cube.ide.mcu.externaltools.gnu-tools-for-stm32.13.3.rel1.win32_1.0.0.202411081344/tools/bin/../lib/gcc/arm-none-eabi/13.3.1/../../../../arm-none-eabi/lib/thumb/v7e-m+fp/hard\libm.a(libm_a-math_errf.o)
 *fill*         0x0800b542        0x2 
 .text.__math_uflowf
                0x0800b544        0xc C:/ST/STM32CubeIDE_1.19.0/STM32CubeIDE/plugins/com.st.stm32cube.ide.mcu.externaltools.gnu-tools-for-stm32.13.3.rel1.win32_1.0.0.202411081344/tools/bin/../lib/gcc/arm-none-eabi/13.3.1/../../../../arm-none-eabi/lib/thumb/v7e-m+fp/hard\libm.a(libm_a-math_errf.o)
                0x0800b544                __math_uflowf
 .text.__math_oflowf
                0x0800b550        0xc C:/ST/STM32CubeIDE_1.19.0/STM32CubeIDE/plugins/com.st.stm32cube.ide.mcu.externaltools.gnu-tools-for-stm32.13.3.rel1.win32_1.0.0.202411081344/tools/bin/../lib/gcc/arm-none-eabi/13.3.1/../../../../arm-none-eabi/lib/thumb/v7e-m+fp/hard\libm.a(libm_a-math_errf.o)
                0x0800b550                __math_oflowf
 .text.__ieee754_sqrtf
                0x0800b55c        0x6 C:/ST/STM32CubeIDE_1.19.0/STM32CubeIDE/plugins/com.st.stm32cube.ide.mcu.externaltools.gnu-tools-for-stm32.13.3.rel1.win32_1.0.0.202411081344/tools/bin/../lib/gcc/arm-none-eabi/13.3.1/../../../../arm-none-eabi/lib/thumb/v7e-m+fp/hard\libm.a(libm_a-ef_sqrt.o)
                0x0800b55c                __ieee754_sqrtf
 *(.glue_7)
 .glue_7        0x0800b562        0x0 linker stubs
 *(.glue_7t)
 .glue_7t       0x0800b562        0x0 linker stubs
 *(.eh_frame)
 *fill*         0x0800b562        0x2 
 .eh_frame      0x0800b564        0x0 C:/ST/STM32CubeIDE_1.19.0/STM32CubeIDE/plugins/com.st.stm32cube.ide.mcu.externaltools.gnu-tools-for-stm32.13.3.rel1.win32_1.0.0.202411081344/tools/bin/../lib/gcc/arm-none-eabi/13.3.1/thumb/v7e-m+fp/hard/crtbegin.o
 *(.init)
 .init          0x0800b564        0x4 C:/ST/STM32CubeIDE_1.19.0/STM32CubeIDE/plugins/com.st.stm32cube.ide.mcu.externaltools.gnu-tools-for-stm32.13.3.rel1.win32_1.0.0.202411081344/tools/bin/../lib/gcc/arm-none-eabi/13.3.1/thumb/v7e-m+fp/hard/crti.o
                0x0800b564                _init
 .init          0x0800b568        0x8 C:/ST/STM32CubeIDE_1.19.0/STM32CubeIDE/plugins/com.st.stm32cube.ide.mcu.externaltools.gnu-tools-for-stm32.13.3.rel1.win32_1.0.0.202411081344/tools/bin/../lib/gcc/arm-none-eabi/13.3.1/thumb/v7e-m+fp/hard/crtn.o
 *(.fini)
 .fini          0x0800b570        0x4 C:/ST/STM32CubeIDE_1.19.0/STM32CubeIDE/plugins/com.st.stm32cube.ide.mcu.externaltools.gnu-tools-for-stm32.13.3.rel1.win32_1.0.0.202411081344/tools/bin/../lib/gcc/arm-none-eabi/13.3.1/thumb/v7e-m+fp/hard/crti.o
                0x0800b570                _fini
 .fini          0x0800b574        0x8 C:/ST/STM32CubeIDE_1.19.0/STM32CubeIDE/plugins/com.st.stm32cube.ide.mcu.externaltools.gnu-tools-for-stm32.13.3.rel1.win32_1.0.0.202411081344/tools/bin/../lib/gcc/arm-none-eabi/13.3.1/thumb/v7e-m+fp/hard/crtn.o
                0x0800b57c                        . = ALIGN (0x4)
                0x0800b57c                        _etext = .

.vfp11_veneer   0x0800b57c        0x0
 .vfp11_veneer  0x0800b57c        0x0 linker stubs

.v4_bx          0x0800b57c        0x0
 .v4_bx         0x0800b57c        0x0 linker stubs

.iplt           0x0800b57c        0x0
 .iplt          0x0800b57c        0x0 C:/ST/STM32CubeIDE_1.19.0/STM32CubeIDE/plugins/com.st.stm32cube.ide.mcu.externaltools.gnu-tools-for-stm32.13.3.rel1.win32_1.0.0.202411081344/tools/bin/../lib/gcc/arm-none-eabi/13.3.1/thumb/v7e-m+fp/hard/crtbegin.o

.rodata         0x0800b580       0xd0
                0x0800b580                        . = ALIGN (0x4)
 *(.rodata)
 .rodata        0x0800b580       0x60 ./Core/Src/main.o
 .rodata        0x0800b5e0        0x5 ./Middlewares/Third_Party/FreeRTOS/Source/tasks.o
 *(.rodata*)
 *fill*         0x0800b5e5        0x3 
 .rodata.AHBPrescTable
                0x0800b5e8       0x10 ./Core/Src/system_stm32g4xx.o
                0x0800b5e8                AHBPrescTable
 .rodata.APBPrescTable
                0x0800b5f8        0x8 ./Core/Src/system_stm32g4xx.o
                0x0800b5f8                APBPrescTable
 .rodata.UARTPrescTable
                0x0800b600       0x18 ./Drivers/STM32G4xx_HAL_Driver/Src/stm32g4xx_hal_uart.o
                0x0800b600                UARTPrescTable
 .rodata.numerator.1
                0x0800b618        0x8 ./Drivers/STM32G4xx_HAL_Driver/Src/stm32g4xx_hal_uart_ex.o
 .rodata.denominator.0
                0x0800b620        0x8 ./Drivers/STM32G4xx_HAL_Driver/Src/stm32g4xx_hal_uart_ex.o
 .rodata.tiny   0x0800b628        0x8 C:/ST/STM32CubeIDE_1.19.0/STM32CubeIDE/plugins/com.st.stm32cube.ide.mcu.externaltools.gnu-tools-for-stm32.13.3.rel1.win32_1.0.0.202411081344/tools/bin/../lib/gcc/arm-none-eabi/13.3.1/../../../../arm-none-eabi/lib/thumb/v7e-m+fp/hard\libm.a(libm_a-e_sqrt.o)
 .rodata.one    0x0800b630        0x8 C:/ST/STM32CubeIDE_1.19.0/STM32CubeIDE/plugins/com.st.stm32cube.ide.mcu.externaltools.gnu-tools-for-stm32.13.3.rel1.win32_1.0.0.202411081344/tools/bin/../lib/gcc/arm-none-eabi/13.3.1/../../../../arm-none-eabi/lib/thumb/v7e-m+fp/hard\libm.a(libm_a-e_sqrt.o)
 .rodata.dp_l   0x0800b638        0x8 C:/ST/STM32CubeIDE_1.19.0/STM32CubeIDE/plugins/com.st.stm32cube.ide.mcu.externaltools.gnu-tools-for-stm32.13.3.rel1.win32_1.0.0.202411081344/tools/bin/../lib/gcc/arm-none-eabi/13.3.1/../../../../arm-none-eabi/lib/thumb/v7e-m+fp/hard\libm.a(libm_a-ef_pow.o)
 .rodata.dp_h   0x0800b640        0x8 C:/ST/STM32CubeIDE_1.19.0/STM32CubeIDE/plugins/com.st.stm32cube.ide.mcu.externaltools.gnu-tools-for-stm32.13.3.rel1.win32_1.0.0.202411081344/tools/bin/../lib/gcc/arm-none-eabi/13.3.1/../../../../arm-none-eabi/lib/thumb/v7e-m+fp/hard\libm.a(libm_a-ef_pow.o)
 .rodata.bp     0x0800b648        0x8 C:/ST/STM32CubeIDE_1.19.0/STM32CubeIDE/plugins/com.st.stm32cube.ide.mcu.externaltools.gnu-tools-for-stm32.13.3.rel1.win32_1.0.0.202411081344/tools/bin/../lib/gcc/arm-none-eabi/13.3.1/../../../../arm-none-eabi/lib/thumb/v7e-m+fp/hard\libm.a(libm_a-ef_pow.o)
                0x0800b650                        . = ALIGN (0x4)

.ARM.extab      0x0800b650        0x0
                0x0800b650                        . = ALIGN (0x4)
 *(.ARM.extab* .gnu.linkonce.armextab.*)
                0x0800b650                        . = ALIGN (0x4)

.ARM            0x0800b650        0x8
                0x0800b650                        . = ALIGN (0x4)
                0x0800b650                        __exidx_start = .
 *(.ARM.exidx*)
 .ARM.exidx     0x0800b650        0x8 C:/ST/STM32CubeIDE_1.19.0/STM32CubeIDE/plugins/com.st.stm32cube.ide.mcu.externaltools.gnu-tools-for-stm32.13.3.rel1.win32_1.0.0.202411081344/tools/bin/../lib/gcc/arm-none-eabi/13.3.1/thumb/v7e-m+fp/hard\libgcc.a(_udivmoddi4.o)
                0x0800b658                        __exidx_end = .
                0x0800b658                        . = ALIGN (0x4)

.preinit_array  0x0800b658        0x0
                0x0800b658                        . = ALIGN (0x4)
                0x0800b658                        PROVIDE (__preinit_array_start = .)
 *(.preinit_array*)
                0x0800b658                        PROVIDE (__preinit_array_end = .)
                0x0800b658                        . = ALIGN (0x4)

.init_array     0x0800b658        0x4
                0x0800b658                        . = ALIGN (0x4)
                0x0800b658                        PROVIDE (__init_array_start = .)
 *(SORT_BY_NAME(.init_array.*))
 *(.init_array*)
 .init_array    0x0800b658        0x4 C:/ST/STM32CubeIDE_1.19.0/STM32CubeIDE/plugins/com.st.stm32cube.ide.mcu.externaltools.gnu-tools-for-stm32.13.3.rel1.win32_1.0.0.202411081344/tools/bin/../lib/gcc/arm-none-eabi/13.3.1/thumb/v7e-m+fp/hard/crtbegin.o
                0x0800b65c                        PROVIDE (__init_array_end = .)
                0x0800b65c                        . = ALIGN (0x4)

.fini_array     0x0800b65c        0x4
                0x0800b65c                        . = ALIGN (0x4)
                [!provide]                        PROVIDE (__fini_array_start = .)
 *(SORT_BY_NAME(.fini_array.*))
 *(.fini_array*)
 .fini_array    0x0800b65c        0x4 C:/ST/STM32CubeIDE_1.19.0/STM32CubeIDE/plugins/com.st.stm32cube.ide.mcu.externaltools.gnu-tools-for-stm32.13.3.rel1.win32_1.0.0.202411081344/tools/bin/../lib/gcc/arm-none-eabi/13.3.1/thumb/v7e-m+fp/hard/crtbegin.o
                [!provide]                        PROVIDE (__fini_array_end = .)
                0x0800b660                        . = ALIGN (0x4)
                0x0800b660                        _sidata = LOADADDR (.data)

.rel.dyn        0x0800b660        0x0
 .rel.iplt      0x0800b660        0x0 C:/ST/STM32CubeIDE_1.19.0/STM32CubeIDE/plugins/com.st.stm32cube.ide.mcu.externaltools.gnu-tools-for-stm32.13.3.rel1.win32_1.0.0.202411081344/tools/bin/../lib/gcc/arm-none-eabi/13.3.1/thumb/v7e-m+fp/hard/crtbegin.o

.data           0x20000000       0x94 load address 0x0800b660
                0x20000000                        . = ALIGN (0x4)
                0x20000000                        _sdata = .
 *(.data)
 *(.data*)
 .data.delT     0x20000000        0x8 ./Application/modules/utils/alt_speed.o
                0x20000000                delT
 .data.SystemCoreClock
                0x20000008        0x4 ./Core/Src/system_stm32g4xx.o
                0x20000008                SystemCoreClock
 *fill*         0x2000000c        0x4 
 .data.CAL_C1   0x20000010        0x8 ./Core/Src/task_ISS2ADS.o
 .data.uwTickPrio
                0x20000018        0x4 ./Drivers/STM32G4xx_HAL_Driver/Src/stm32g4xx_hal.o
                0x20000018                uwTickPrio
 .data.uwTickFreq
                0x2000001c        0x4 ./Drivers/STM32G4xx_HAL_Driver/Src/stm32g4xx_hal.o
                0x2000001c                uwTickFreq
 .data.pFlash   0x20000020       0x20 ./Drivers/STM32G4xx_HAL_Driver/Src/stm32g4xx_hal_flash.o
                0x20000020                pFlash
 .data.uxCriticalNesting
                0x20000040        0x4 ./Middlewares/Third_Party/FreeRTOS/Source/portable/GCC/ARM_CM4F/port.o
 .data._impure_ptr
                0x20000044        0x4 C:/ST/STM32CubeIDE_1.19.0/STM32CubeIDE/plugins/com.st.stm32cube.ide.mcu.externaltools.gnu-tools-for-stm32.13.3.rel1.win32_1.0.0.202411081344/tools/bin/../lib/gcc/arm-none-eabi/13.3.1/../../../../arm-none-eabi/lib/thumb/v7e-m+fp/hard\libc_nano.a(libc_a-impure.o)
                0x20000044                _impure_ptr
 .data._impure_data
                0x20000048       0x4c C:/ST/STM32CubeIDE_1.19.0/STM32CubeIDE/plugins/com.st.stm32cube.ide.mcu.externaltools.gnu-tools-for-stm32.13.3.rel1.win32_1.0.0.202411081344/tools/bin/../lib/gcc/arm-none-eabi/13.3.1/../../../../arm-none-eabi/lib/thumb/v7e-m+fp/hard\libc_nano.a(libc_a-impure.o)
                0x20000048                _impure_data
 *(.RamFunc)
 *(.RamFunc*)
                0x20000094                        . = ALIGN (0x4)
                0x20000094                        _edata = .

.igot.plt       0x20000094        0x0 load address 0x0800b6f4
 .igot.plt      0x20000094        0x0 C:/ST/STM32CubeIDE_1.19.0/STM32CubeIDE/plugins/com.st.stm32cube.ide.mcu.externaltools.gnu-tools-for-stm32.13.3.rel1.win32_1.0.0.202411081344/tools/bin/../lib/gcc/arm-none-eabi/13.3.1/thumb/v7e-m+fp/hard/crtbegin.o
                0x20000094                        . = ALIGN (0x4)

.bss            0x20000098     0x3ef8 load address 0x0800b6f4
                0x20000098                        _sbss = .
                0x20000098                        __bss_start__ = _sbss
 *(.bss)
 .bss           0x20000098       0x1c C:/ST/STM32CubeIDE_1.19.0/STM32CubeIDE/plugins/com.st.stm32cube.ide.mcu.externaltools.gnu-tools-for-stm32.13.3.rel1.win32_1.0.0.202411081344/tools/bin/../lib/gcc/arm-none-eabi/13.3.1/thumb/v7e-m+fp/hard/crtbegin.o
 *(.bss*)
 *fill*         0x200000b4        0x4 
 .bss.kf        0x200000b8       0x90 ./Application/modules/utils/alt_speed.o
                0x200000b8                kf
 .bss.gs_fac_us
                0x20000148        0x4 ./Application/modules/utils/delay.o
 .bss.hi2c1     0x2000014c       0x54 ./Core/Src/main.o
                0x2000014c                hi2c1
 .bss.hi2c2     0x200001a0       0x54 ./Core/Src/main.o
                0x200001a0                hi2c2
 .bss.hiwdg     0x200001f4       0x10 ./Core/Src/main.o
                0x200001f4                hiwdg
 .bss.huart1    0x20000204       0x94 ./Core/Src/main.o
                0x20000204                huart1
 .bss.hdma_usart1_rx
                0x20000298       0x60 ./Core/Src/main.o
                0x20000298                hdma_usart1_rx
 .bss.hdma_usart1_tx
                0x200002f8       0x60 ./Core/Src/main.o
                0x200002f8                hdma_usart1_tx
 .bss.bmp2adsTaskHandle
                0x20000358        0x4 ./Core/Src/main.o
                0x20000358                bmp2adsTaskHandle
 .bss.iss2adsTaskHandle
                0x2000035c        0x4 ./Core/Src/main.o
                0x2000035c                iss2adsTaskHandle
 .bss.flashTaskHandle
                0x20000360        0x4 ./Core/Src/main.o
                0x20000360                flashTaskHandle
 .bss.htim1     0x20000364       0x4c ./Core/Src/stm32g4xx_hal_timebase_tim.o
                0x20000364                htim1
 .bss.sensor    0x200003b0       0xe0 ./Core/Src/task_BMP2ADS.o
                0x200003b0                sensor
 .bss.ADC_Val_avg
                0x20000490       0x1c ./Core/Src/task_BMP2ADS.o
                0x20000490                ADC_Val_avg
 .bss.ADC_r     0x200004ac      0x578 ./Core/Src/task_BMP2ADS.o
                0x200004ac                ADC_r
 .bss.last_wdg_feed
                0x20000a24        0x4 ./Core/Src/task_BMP2ADS.o
 .bss.CBIT      0x20000a28        0x7 ./Core/Src/task_BMP2ADS.o
                0x20000a28                CBIT
 *fill*         0x20000a2f        0x1 
 .bss.IBIT      0x20000a30        0x7 ./Core/Src/task_BMP2ADS.o
                0x20000a30                IBIT
 *fill*         0x20000a37        0x1 
 .bss.PBIT      0x20000a38        0x7 ./Core/Src/task_BMP2ADS.o
                0x20000a38                PBIT
 *fill*         0x20000a3f        0x1 
 .bss.RxCali    0x20000a40       0x2c ./Core/Src/task_Flash.o
                0x20000a40                RxCali
 .bss.AppSettings
                0x20000a6c       0x28 ./Core/Src/task_Flash.o
                0x20000a6c                AppSettings
 .bss.RxBuf     0x20000a94       0x64 ./Core/Src/task_Flash.o
                0x20000a94                RxBuf
 .bss.tempBuf   0x20000af8       0x64 ./Core/Src/task_Flash.o
                0x20000af8                tempBuf
 .bss.ADS2OFP_Buff
                0x20000b5c      0x100 ./Core/Src/task_ISS2ADS.o
 .bss.ICD_eADC2OFP
                0x20000c5c       0x23 ./Core/Src/task_ISS2ADS.o
                0x20000c5c                ICD_eADC2OFP
 *fill*         0x20000c7f        0x1 
 .bss.CAL_C0    0x20000c80        0x8 ./Core/Src/task_ISS2ADS.o
 .bss.ALTPRESS_r
                0x20000c88       0x30 ./Core/Src/task_ISS2ADS.o
                0x20000c88                ALTPRESS_r
 .bss.ALTSPEED_r
                0x20000cb8       0x30 ./Core/Src/task_ISS2ADS.o
                0x20000cb8                ALTSPEED_r
 .bss.preAlt    0x20000ce8        0x4 ./Core/Src/task_ISS2ADS.o
                0x20000ce8                preAlt
 .bss.verticalSpeed
                0x20000cec        0x4 ./Core/Src/task_ISS2ADS.o
                0x20000cec                verticalSpeed
 .bss.preTime   0x20000cf0        0x4 ./Core/Src/task_ISS2ADS.o
                0x20000cf0                preTime
 .bss.deltaTime
                0x20000cf4        0x4 ./Core/Src/task_ISS2ADS.o
                0x20000cf4                deltaTime
 .bss.uwTick    0x20000cf8        0x4 ./Drivers/STM32G4xx_HAL_Driver/Src/stm32g4xx_hal.o
                0x20000cf8                uwTick
 .bss.pxCurrentTCB
                0x20000cfc        0x4 ./Middlewares/Third_Party/FreeRTOS/Source/tasks.o
                0x20000cfc                pxCurrentTCB
 .bss.pxReadyTasksLists
                0x20000d00       0x8c ./Middlewares/Third_Party/FreeRTOS/Source/tasks.o
 .bss.xDelayedTaskList1
                0x20000d8c       0x14 ./Middlewares/Third_Party/FreeRTOS/Source/tasks.o
 .bss.xDelayedTaskList2
                0x20000da0       0x14 ./Middlewares/Third_Party/FreeRTOS/Source/tasks.o
 .bss.pxDelayedTaskList
                0x20000db4        0x4 ./Middlewares/Third_Party/FreeRTOS/Source/tasks.o
 .bss.pxOverflowDelayedTaskList
                0x20000db8        0x4 ./Middlewares/Third_Party/FreeRTOS/Source/tasks.o
 .bss.xPendingReadyList
                0x20000dbc       0x14 ./Middlewares/Third_Party/FreeRTOS/Source/tasks.o
 .bss.xTasksWaitingTermination
                0x20000dd0       0x14 ./Middlewares/Third_Party/FreeRTOS/Source/tasks.o
 .bss.uxDeletedTasksWaitingCleanUp
                0x20000de4        0x4 ./Middlewares/Third_Party/FreeRTOS/Source/tasks.o
 .bss.xSuspendedTaskList
                0x20000de8       0x14 ./Middlewares/Third_Party/FreeRTOS/Source/tasks.o
 .bss.uxCurrentNumberOfTasks
                0x20000dfc        0x4 ./Middlewares/Third_Party/FreeRTOS/Source/tasks.o
 .bss.xTickCount
                0x20000e00        0x4 ./Middlewares/Third_Party/FreeRTOS/Source/tasks.o
 .bss.uxTopReadyPriority
                0x20000e04        0x4 ./Middlewares/Third_Party/FreeRTOS/Source/tasks.o
 .bss.xSchedulerRunning
                0x20000e08        0x4 ./Middlewares/Third_Party/FreeRTOS/Source/tasks.o
 .bss.xPendedTicks
                0x20000e0c        0x4 ./Middlewares/Third_Party/FreeRTOS/Source/tasks.o
 .bss.xYieldPending
                0x20000e10        0x4 ./Middlewares/Third_Party/FreeRTOS/Source/tasks.o
 .bss.xNumOfOverflows
                0x20000e14        0x4 ./Middlewares/Third_Party/FreeRTOS/Source/tasks.o
 .bss.uxTaskNumber
                0x20000e18        0x4 ./Middlewares/Third_Party/FreeRTOS/Source/tasks.o
 .bss.xNextTaskUnblockTime
                0x20000e1c        0x4 ./Middlewares/Third_Party/FreeRTOS/Source/tasks.o
 .bss.xIdleTaskHandle
                0x20000e20        0x4 ./Middlewares/Third_Party/FreeRTOS/Source/tasks.o
 .bss.uxSchedulerSuspended
                0x20000e24        0x4 ./Middlewares/Third_Party/FreeRTOS/Source/tasks.o
 .bss.ucMaxSysCallPriority
                0x20000e28        0x1 ./Middlewares/Third_Party/FreeRTOS/Source/portable/GCC/ARM_CM4F/port.o
 *fill*         0x20000e29        0x3 
 .bss.ulMaxPRIGROUPValue
                0x20000e2c        0x4 ./Middlewares/Third_Party/FreeRTOS/Source/portable/GCC/ARM_CM4F/port.o
 .bss.ucHeap    0x20000e30     0x3000 ./Middlewares/Third_Party/FreeRTOS/Source/portable/MemMang/heap_4.o
 .bss.xStart    0x20003e30        0x8 ./Middlewares/Third_Party/FreeRTOS/Source/portable/MemMang/heap_4.o
 .bss.pxEnd     0x20003e38        0x4 ./Middlewares/Third_Party/FreeRTOS/Source/portable/MemMang/heap_4.o
 .bss.xFreeBytesRemaining
                0x20003e3c        0x4 ./Middlewares/Third_Party/FreeRTOS/Source/portable/MemMang/heap_4.o
 .bss.xMinimumEverFreeBytesRemaining
                0x20003e40        0x4 ./Middlewares/Third_Party/FreeRTOS/Source/portable/MemMang/heap_4.o
 .bss.xNumberOfSuccessfulAllocations
                0x20003e44        0x4 ./Middlewares/Third_Party/FreeRTOS/Source/portable/MemMang/heap_4.o
 .bss.xNumberOfSuccessfulFrees
                0x20003e48        0x4 ./Middlewares/Third_Party/FreeRTOS/Source/portable/MemMang/heap_4.o
 .bss.xBlockAllocatedBit
                0x20003e4c        0x4 ./Middlewares/Third_Party/FreeRTOS/Source/portable/MemMang/heap_4.o
 .bss.__sf      0x20003e50      0x138 C:/ST/STM32CubeIDE_1.19.0/STM32CubeIDE/plugins/com.st.stm32cube.ide.mcu.externaltools.gnu-tools-for-stm32.13.3.rel1.win32_1.0.0.202411081344/tools/bin/../lib/gcc/arm-none-eabi/13.3.1/../../../../arm-none-eabi/lib/thumb/v7e-m+fp/hard\libc_nano.a(libc_a-findfp.o)
                0x20003e50                __sf
 .bss.__lock___malloc_recursive_mutex
                0x20003f88        0x1 C:/ST/STM32CubeIDE_1.19.0/STM32CubeIDE/plugins/com.st.stm32cube.ide.mcu.externaltools.gnu-tools-for-stm32.13.3.rel1.win32_1.0.0.202411081344/tools/bin/../lib/gcc/arm-none-eabi/13.3.1/../../../../arm-none-eabi/lib/thumb/v7e-m+fp/hard\libc_nano.a(libc_a-lock.o)
                0x20003f88                __lock___malloc_recursive_mutex
 *fill*         0x20003f89        0x3 
 .bss.__malloc_free_list
                0x20003f8c        0x4 C:/ST/STM32CubeIDE_1.19.0/STM32CubeIDE/plugins/com.st.stm32cube.ide.mcu.externaltools.gnu-tools-for-stm32.13.3.rel1.win32_1.0.0.202411081344/tools/bin/../lib/gcc/arm-none-eabi/13.3.1/../../../../arm-none-eabi/lib/thumb/v7e-m+fp/hard\libc_nano.a(libc_a-mallocr.o)
                0x20003f8c                __malloc_free_list
 *(COMMON)
                0x20003f90                        . = ALIGN (0x4)
                0x20003f90                        _ebss = .
                0x20003f90                        __bss_end__ = _ebss

._user_heap_stack
                0x20003f90      0x600 load address 0x0800b6f4
                0x20003f90                        . = ALIGN (0x8)
                [!provide]                        PROVIDE (end = .)
                0x20003f90                        PROVIDE (_end = .)
                0x20004190                        . = (. + _Min_Heap_Size)
 *fill*         0x20003f90      0x200 
                0x20004590                        . = (. + _Min_Stack_Size)
 *fill*         0x20004190      0x400 
                0x20004590                        . = ALIGN (0x8)

/DISCARD/
 libc.a(*)
 libm.a(*)
 libgcc.a(*)

.ARM.attributes
                0x00000000       0x30
 *(.ARM.attributes)
 .ARM.attributes
                0x00000000       0x22 C:/ST/STM32CubeIDE_1.19.0/STM32CubeIDE/plugins/com.st.stm32cube.ide.mcu.externaltools.gnu-tools-for-stm32.13.3.rel1.win32_1.0.0.202411081344/tools/bin/../lib/gcc/arm-none-eabi/13.3.1/thumb/v7e-m+fp/hard/crti.o
 .ARM.attributes
                0x00000022       0x34 C:/ST/STM32CubeIDE_1.19.0/STM32CubeIDE/plugins/com.st.stm32cube.ide.mcu.externaltools.gnu-tools-for-stm32.13.3.rel1.win32_1.0.0.202411081344/tools/bin/../lib/gcc/arm-none-eabi/13.3.1/thumb/v7e-m+fp/hard/crtbegin.o
 .ARM.attributes
                0x00000056       0x34 ./Application/modules/drivers/bmp5.o
 .ARM.attributes
                0x0000008a       0x34 ./Application/modules/modules/common.o
 .ARM.attributes
                0x000000be       0x34 ./Application/modules/modules/module_bmp581.o
 .ARM.attributes
                0x000000f2       0x34 ./Application/modules/utils/alt_speed.o
 .ARM.attributes
                0x00000126       0x34 ./Application/modules/utils/delay.o
 .ARM.attributes
                0x0000015a       0x34 ./Core/Src/main.o
 .ARM.attributes
                0x0000018e       0x34 ./Core/Src/stm32g4xx_hal_msp.o
 .ARM.attributes
                0x000001c2       0x34 ./Core/Src/stm32g4xx_hal_timebase_tim.o
 .ARM.attributes
                0x000001f6       0x34 ./Core/Src/stm32g4xx_it.o
 .ARM.attributes
                0x0000022a       0x34 ./Core/Src/system_stm32g4xx.o
 .ARM.attributes
                0x0000025e       0x34 ./Core/Src/task_BMP2ADS.o
 .ARM.attributes
                0x00000292       0x34 ./Core/Src/task_Flash.o
 .ARM.attributes
                0x000002c6       0x34 ./Core/Src/task_ISS2ADS.o
 .ARM.attributes
                0x000002fa       0x21 ./Core/Startup/startup_stm32g431kbux.o
 .ARM.attributes
                0x0000031b       0x34 ./Drivers/STM32G4xx_HAL_Driver/Src/stm32g4xx_hal.o
 .ARM.attributes
                0x0000034f       0x34 ./Drivers/STM32G4xx_HAL_Driver/Src/stm32g4xx_hal_cortex.o
 .ARM.attributes
                0x00000383       0x34 ./Drivers/STM32G4xx_HAL_Driver/Src/stm32g4xx_hal_dma.o
 .ARM.attributes
                0x000003b7       0x34 ./Drivers/STM32G4xx_HAL_Driver/Src/stm32g4xx_hal_flash.o
 .ARM.attributes
                0x000003eb       0x34 ./Drivers/STM32G4xx_HAL_Driver/Src/stm32g4xx_hal_flash_ex.o
 .ARM.attributes
                0x0000041f       0x34 ./Drivers/STM32G4xx_HAL_Driver/Src/stm32g4xx_hal_gpio.o
 .ARM.attributes
                0x00000453       0x34 ./Drivers/STM32G4xx_HAL_Driver/Src/stm32g4xx_hal_i2c.o
 .ARM.attributes
                0x00000487       0x34 ./Drivers/STM32G4xx_HAL_Driver/Src/stm32g4xx_hal_i2c_ex.o
 .ARM.attributes
                0x000004bb       0x34 ./Drivers/STM32G4xx_HAL_Driver/Src/stm32g4xx_hal_iwdg.o
 .ARM.attributes
                0x000004ef       0x34 ./Drivers/STM32G4xx_HAL_Driver/Src/stm32g4xx_hal_pwr_ex.o
 .ARM.attributes
                0x00000523       0x34 ./Drivers/STM32G4xx_HAL_Driver/Src/stm32g4xx_hal_rcc.o
 .ARM.attributes
                0x00000557       0x34 ./Drivers/STM32G4xx_HAL_Driver/Src/stm32g4xx_hal_rcc_ex.o
 .ARM.attributes
                0x0000058b       0x34 ./Drivers/STM32G4xx_HAL_Driver/Src/stm32g4xx_hal_tim.o
 .ARM.attributes
                0x000005bf       0x34 ./Drivers/STM32G4xx_HAL_Driver/Src/stm32g4xx_hal_tim_ex.o
 .ARM.attributes
                0x000005f3       0x34 ./Drivers/STM32G4xx_HAL_Driver/Src/stm32g4xx_hal_uart.o
 .ARM.attributes
                0x00000627       0x34 ./Drivers/STM32G4xx_HAL_Driver/Src/stm32g4xx_hal_uart_ex.o
 .ARM.attributes
                0x0000065b       0x34 ./Middlewares/Third_Party/FreeRTOS/Source/CMSIS_RTOS/cmsis_os.o
 .ARM.attributes
                0x0000068f       0x34 ./Middlewares/Third_Party/FreeRTOS/Source/list.o
 .ARM.attributes
                0x000006c3       0x34 ./Middlewares/Third_Party/FreeRTOS/Source/tasks.o
 .ARM.attributes
                0x000006f7       0x34 ./Middlewares/Third_Party/FreeRTOS/Source/portable/GCC/ARM_CM4F/port.o
 .ARM.attributes
                0x0000072b       0x34 ./Middlewares/Third_Party/FreeRTOS/Source/portable/MemMang/heap_4.o
 .ARM.attributes
                0x0000075f       0x34 C:/ST/STM32CubeIDE_1.19.0/STM32CubeIDE/plugins/com.st.stm32cube.ide.mcu.externaltools.gnu-tools-for-stm32.13.3.rel1.win32_1.0.0.202411081344/tools/bin/../lib/gcc/arm-none-eabi/13.3.1/../../../../arm-none-eabi/lib/thumb/v7e-m+fp/hard\libc_nano.a(libc_a-findfp.o)
 .ARM.attributes
                0x00000793       0x34 C:/ST/STM32CubeIDE_1.19.0/STM32CubeIDE/plugins/com.st.stm32cube.ide.mcu.externaltools.gnu-tools-for-stm32.13.3.rel1.win32_1.0.0.202411081344/tools/bin/../lib/gcc/arm-none-eabi/13.3.1/../../../../arm-none-eabi/lib/thumb/v7e-m+fp/hard\libc_nano.a(libc_a-memcmp.o)
 .ARM.attributes
                0x000007c7       0x34 C:/ST/STM32CubeIDE_1.19.0/STM32CubeIDE/plugins/com.st.stm32cube.ide.mcu.externaltools.gnu-tools-for-stm32.13.3.rel1.win32_1.0.0.202411081344/tools/bin/../lib/gcc/arm-none-eabi/13.3.1/../../../../arm-none-eabi/lib/thumb/v7e-m+fp/hard\libc_nano.a(libc_a-memset.o)
 .ARM.attributes
                0x000007fb       0x34 C:/ST/STM32CubeIDE_1.19.0/STM32CubeIDE/plugins/com.st.stm32cube.ide.mcu.externaltools.gnu-tools-for-stm32.13.3.rel1.win32_1.0.0.202411081344/tools/bin/../lib/gcc/arm-none-eabi/13.3.1/../../../../arm-none-eabi/lib/thumb/v7e-m+fp/hard\libc_nano.a(libc_a-reent.o)
 .ARM.attributes
                0x0000082f       0x34 C:/ST/STM32CubeIDE_1.19.0/STM32CubeIDE/plugins/com.st.stm32cube.ide.mcu.externaltools.gnu-tools-for-stm32.13.3.rel1.win32_1.0.0.202411081344/tools/bin/../lib/gcc/arm-none-eabi/13.3.1/../../../../arm-none-eabi/lib/thumb/v7e-m+fp/hard\libc_nano.a(libc_a-impure.o)
 .ARM.attributes
                0x00000863       0x34 C:/ST/STM32CubeIDE_1.19.0/STM32CubeIDE/plugins/com.st.stm32cube.ide.mcu.externaltools.gnu-tools-for-stm32.13.3.rel1.win32_1.0.0.202411081344/tools/bin/../lib/gcc/arm-none-eabi/13.3.1/../../../../arm-none-eabi/lib/thumb/v7e-m+fp/hard\libc_nano.a(libc_a-errno.o)
 .ARM.attributes
                0x00000897       0x34 C:/ST/STM32CubeIDE_1.19.0/STM32CubeIDE/plugins/com.st.stm32cube.ide.mcu.externaltools.gnu-tools-for-stm32.13.3.rel1.win32_1.0.0.202411081344/tools/bin/../lib/gcc/arm-none-eabi/13.3.1/../../../../arm-none-eabi/lib/thumb/v7e-m+fp/hard\libc_nano.a(libc_a-init.o)
 .ARM.attributes
                0x000008cb       0x34 C:/ST/STM32CubeIDE_1.19.0/STM32CubeIDE/plugins/com.st.stm32cube.ide.mcu.externaltools.gnu-tools-for-stm32.13.3.rel1.win32_1.0.0.202411081344/tools/bin/../lib/gcc/arm-none-eabi/13.3.1/../../../../arm-none-eabi/lib/thumb/v7e-m+fp/hard\libc_nano.a(libc_a-lock.o)
 .ARM.attributes
                0x000008ff       0x34 C:/ST/STM32CubeIDE_1.19.0/STM32CubeIDE/plugins/com.st.stm32cube.ide.mcu.externaltools.gnu-tools-for-stm32.13.3.rel1.win32_1.0.0.202411081344/tools/bin/../lib/gcc/arm-none-eabi/13.3.1/../../../../arm-none-eabi/lib/thumb/v7e-m+fp/hard\libc_nano.a(libc_a-strcpy.o)
 .ARM.attributes
                0x00000933       0x34 C:/ST/STM32CubeIDE_1.19.0/STM32CubeIDE/plugins/com.st.stm32cube.ide.mcu.externaltools.gnu-tools-for-stm32.13.3.rel1.win32_1.0.0.202411081344/tools/bin/../lib/gcc/arm-none-eabi/13.3.1/../../../../arm-none-eabi/lib/thumb/v7e-m+fp/hard\libc_nano.a(libc_a-memcpy-stub.o)
 .ARM.attributes
                0x00000967       0x34 C:/ST/STM32CubeIDE_1.19.0/STM32CubeIDE/plugins/com.st.stm32cube.ide.mcu.externaltools.gnu-tools-for-stm32.13.3.rel1.win32_1.0.0.202411081344/tools/bin/../lib/gcc/arm-none-eabi/13.3.1/../../../../arm-none-eabi/lib/thumb/v7e-m+fp/hard\libc_nano.a(libc_a-freer.o)
 .ARM.attributes
                0x0000099b       0x34 C:/ST/STM32CubeIDE_1.19.0/STM32CubeIDE/plugins/com.st.stm32cube.ide.mcu.externaltools.gnu-tools-for-stm32.13.3.rel1.win32_1.0.0.202411081344/tools/bin/../lib/gcc/arm-none-eabi/13.3.1/../../../../arm-none-eabi/lib/thumb/v7e-m+fp/hard\libc_nano.a(libc_a-mallocr.o)
 .ARM.attributes
                0x000009cf       0x34 C:/ST/STM32CubeIDE_1.19.0/STM32CubeIDE/plugins/com.st.stm32cube.ide.mcu.externaltools.gnu-tools-for-stm32.13.3.rel1.win32_1.0.0.202411081344/tools/bin/../lib/gcc/arm-none-eabi/13.3.1/../../../../arm-none-eabi/lib/thumb/v7e-m+fp/hard\libc_nano.a(libc_a-mlock.o)
 .ARM.attributes
                0x00000a03       0x34 C:/ST/STM32CubeIDE_1.19.0/STM32CubeIDE/plugins/com.st.stm32cube.ide.mcu.externaltools.gnu-tools-for-stm32.13.3.rel1.win32_1.0.0.202411081344/tools/bin/../lib/gcc/arm-none-eabi/13.3.1/../../../../arm-none-eabi/lib/thumb/v7e-m+fp/hard\libm.a(libm_a-w_sqrt.o)
 .ARM.attributes
                0x00000a37       0x34 C:/ST/STM32CubeIDE_1.19.0/STM32CubeIDE/plugins/com.st.stm32cube.ide.mcu.externaltools.gnu-tools-for-stm32.13.3.rel1.win32_1.0.0.202411081344/tools/bin/../lib/gcc/arm-none-eabi/13.3.1/../../../../arm-none-eabi/lib/thumb/v7e-m+fp/hard\libm.a(libm_a-wf_pow.o)
 .ARM.attributes
                0x00000a6b       0x34 C:/ST/STM32CubeIDE_1.19.0/STM32CubeIDE/plugins/com.st.stm32cube.ide.mcu.externaltools.gnu-tools-for-stm32.13.3.rel1.win32_1.0.0.202411081344/tools/bin/../lib/gcc/arm-none-eabi/13.3.1/../../../../arm-none-eabi/lib/thumb/v7e-m+fp/hard\libm.a(libm_a-sf_finite.o)
 .ARM.attributes
                0x00000a9f       0x34 C:/ST/STM32CubeIDE_1.19.0/STM32CubeIDE/plugins/com.st.stm32cube.ide.mcu.externaltools.gnu-tools-for-stm32.13.3.rel1.win32_1.0.0.202411081344/tools/bin/../lib/gcc/arm-none-eabi/13.3.1/../../../../arm-none-eabi/lib/thumb/v7e-m+fp/hard\libm.a(libm_a-e_sqrt.o)
 .ARM.attributes
                0x00000ad3       0x34 C:/ST/STM32CubeIDE_1.19.0/STM32CubeIDE/plugins/com.st.stm32cube.ide.mcu.externaltools.gnu-tools-for-stm32.13.3.rel1.win32_1.0.0.202411081344/tools/bin/../lib/gcc/arm-none-eabi/13.3.1/../../../../arm-none-eabi/lib/thumb/v7e-m+fp/hard\libm.a(libm_a-ef_pow.o)
 .ARM.attributes
                0x00000b07       0x34 C:/ST/STM32CubeIDE_1.19.0/STM32CubeIDE/plugins/com.st.stm32cube.ide.mcu.externaltools.gnu-tools-for-stm32.13.3.rel1.win32_1.0.0.202411081344/tools/bin/../lib/gcc/arm-none-eabi/13.3.1/../../../../arm-none-eabi/lib/thumb/v7e-m+fp/hard\libm.a(libm_a-sf_fabs.o)
 .ARM.attributes
                0x00000b3b       0x34 C:/ST/STM32CubeIDE_1.19.0/STM32CubeIDE/plugins/com.st.stm32cube.ide.mcu.externaltools.gnu-tools-for-stm32.13.3.rel1.win32_1.0.0.202411081344/tools/bin/../lib/gcc/arm-none-eabi/13.3.1/../../../../arm-none-eabi/lib/thumb/v7e-m+fp/hard\libm.a(libm_a-sf_scalbn.o)
 .ARM.attributes
                0x00000b6f       0x34 C:/ST/STM32CubeIDE_1.19.0/STM32CubeIDE/plugins/com.st.stm32cube.ide.mcu.externaltools.gnu-tools-for-stm32.13.3.rel1.win32_1.0.0.202411081344/tools/bin/../lib/gcc/arm-none-eabi/13.3.1/../../../../arm-none-eabi/lib/thumb/v7e-m+fp/hard\libm.a(libm_a-math_errf.o)
 .ARM.attributes
                0x00000ba3       0x34 C:/ST/STM32CubeIDE_1.19.0/STM32CubeIDE/plugins/com.st.stm32cube.ide.mcu.externaltools.gnu-tools-for-stm32.13.3.rel1.win32_1.0.0.202411081344/tools/bin/../lib/gcc/arm-none-eabi/13.3.1/../../../../arm-none-eabi/lib/thumb/v7e-m+fp/hard\libm.a(libm_a-ef_sqrt.o)
 .ARM.attributes
                0x00000bd7       0x22 C:/ST/STM32CubeIDE_1.19.0/STM32CubeIDE/plugins/com.st.stm32cube.ide.mcu.externaltools.gnu-tools-for-stm32.13.3.rel1.win32_1.0.0.202411081344/tools/bin/../lib/gcc/arm-none-eabi/13.3.1/thumb/v7e-m+fp/hard\libgcc.a(_arm_addsubdf3.o)
 .ARM.attributes
                0x00000bf9       0x22 C:/ST/STM32CubeIDE_1.19.0/STM32CubeIDE/plugins/com.st.stm32cube.ide.mcu.externaltools.gnu-tools-for-stm32.13.3.rel1.win32_1.0.0.202411081344/tools/bin/../lib/gcc/arm-none-eabi/13.3.1/thumb/v7e-m+fp/hard\libgcc.a(_arm_muldivdf3.o)
 .ARM.attributes
                0x00000c1b       0x22 C:/ST/STM32CubeIDE_1.19.0/STM32CubeIDE/plugins/com.st.stm32cube.ide.mcu.externaltools.gnu-tools-for-stm32.13.3.rel1.win32_1.0.0.202411081344/tools/bin/../lib/gcc/arm-none-eabi/13.3.1/thumb/v7e-m+fp/hard\libgcc.a(_arm_cmpdf2.o)
 .ARM.attributes
                0x00000c3d       0x22 C:/ST/STM32CubeIDE_1.19.0/STM32CubeIDE/plugins/com.st.stm32cube.ide.mcu.externaltools.gnu-tools-for-stm32.13.3.rel1.win32_1.0.0.202411081344/tools/bin/../lib/gcc/arm-none-eabi/13.3.1/thumb/v7e-m+fp/hard\libgcc.a(_arm_unorddf2.o)
 .ARM.attributes
                0x00000c5f       0x22 C:/ST/STM32CubeIDE_1.19.0/STM32CubeIDE/plugins/com.st.stm32cube.ide.mcu.externaltools.gnu-tools-for-stm32.13.3.rel1.win32_1.0.0.202411081344/tools/bin/../lib/gcc/arm-none-eabi/13.3.1/thumb/v7e-m+fp/hard\libgcc.a(_arm_truncdfsf2.o)
 .ARM.attributes