../Core/Src/main.c:82:5:main	80	static
../Core/Src/main.c:168:6:SystemClock_Config	88	static
../Core/Src/main.c:209:13:MX_I2C1_Init	8	static
../Core/Src/main.c:257:13:MX_I2C2_Init	8	static
../Core/Src/main.c:305:13:MX_USART1_UART_Init	8	static
../Core/Src/main.c:351:13:MX_DMA_Init	16	static
../Core/Src/main.c:373:13:MX_GPIO_Init	40	static
../Core/Src/main.c:410:13:task_BMP2ADS	16	static
../Core/Src/main.c:428:13:task_ISS2ADS	16	static
../Core/Src/main.c:446:13:task_Flash	16	static
../Core/Src/main.c:465:6:HAL_TIM_PeriodElapsedCallback	16	static
../Core/Src/main.c:483:6:Error_Handler	4	static,ignoring_inline_asm
