../Core/Src/main.c:82:5:main	1
../Core/Src/main.c:168:6:SystemClock_Config	3
../Core/Src/main.c:209:13:MX_I2C1_Init	4
../Core/Src/main.c:257:13:MX_I2C2_Init	4
../Core/Src/main.c:305:13:MX_USART1_UART_Init	5
../Core/Src/main.c:351:13:MX_DMA_Init	1
../Core/Src/main.c:373:13:MX_GPIO_Init	1
../Core/Src/main.c:410:13:task_BMP2ADS	1
../Core/Src/main.c:428:13:task_ISS2ADS	1
../Core/Src/main.c:446:13:task_Flash	1
../Core/Src/main.c:465:6:HAL_TIM_PeriodElapsedCallback	2
../Core/Src/main.c:483:6:Error_Handler	1
