../Core/Src/main.c:88:5:main	80	static
../Core/Src/main.c:185:6:SystemClock_Config	88	static
../Core/Src/main.c:233:13:MX_I2C1_Init	8	static
../Core/Src/main.c:281:13:MX_I2C2_Init	8	static
../Core/Src/main.c:329:13:MX_IWDG_Init	8	static
../Core/Src/main.c:358:13:MX_USART1_UART_Init	8	static
../Core/Src/main.c:404:13:MX_DMA_Init	16	static
../Core/Src/main.c:426:13:MX_GPIO_Init	40	static
../Core/Src/main.c:463:13:task_BMP2ADS	16	static
../Core/Src/main.c:481:13:task_ISS2ADS	16	static
../Core/Src/main.c:499:13:task_Flash	16	static
../Core/Src/main.c:518:6:HAL_TIM_PeriodElapsedCallback	16	static
../Core/Src/main.c:536:6:Error_Handler	4	static,ignoring_inline_asm
